Component: ARM Compiler 5.06 update 6 (build 750) Tool: armlink [4d35ed]

==============================================================================

Section Cross References

    main.o(i.main) refers to misc.o(i.NVIC_PriorityGroupConfig) for NVIC_PriorityGroupConfig
    main.o(i.main) refers to delay.o(i.delay_init) for delay_init
    main.o(i.main) refers to key.o(i.KEY_Init) for KEY_Init
    main.o(i.main) refers to sys.o(i.NVIC_Config) for NVIC_Config
    main.o(i.main) refers to system_stm32f10x.o(i.SystemInit) for SystemInit
    main.o(i.main) refers to usart.o(i.Usart_init) for Usart_init
    main.o(i.main) refers to led.o(i.LED_Init) for LED_Init
    main.o(i.main) refers to control.o(i.EN_GPIO_Init) for EN_GPIO_Init
    main.o(i.main) refers to control.o(i.Stp_GPIO_Init) for Stp_GPIO_Init
    main.o(i.main) refers to control.o(i.Dir_GPIO_Init) for Dir_GPIO_Init
    main.o(i.main) refers to pwm.o(i.PWM_Init) for PWM_Init
    main.o(i.main) refers to timer.o(i.TIM3_Int_Init) for TIM3_Int_Init
    main.o(i.main) refers to timer.o(i.TIM4_Int_Init) for TIM4_Int_Init
    main.o(i.main) refers to mpu6050.o(i.MPU_Init) for MPU_Init
    main.o(i.main) refers to inv_mpu.o(i.mpu_dmp_init) for mpu_dmp_init
    main.o(i.main) refers to exti.o(i.MPU6050_EXTI_Init) for MPU6050_EXTI_Init
    main.o(i.main) refers to lcd.o(i.LCD_Init) for LCD_Init
    main.o(i.main) refers to lcd.o(i.LCD_Clear) for LCD_Clear
    main.o(i.main) refers to key.o(i.KEY_Scan) for KEY_Scan
    main.o(i.main) refers to ffixu.o(x$fpl$ffixu) for __aeabi_f2uiz
    main.o(i.main) refers to gui.o(i.LCD_ShowNum) for LCD_ShowNum
    main.o(i.main) refers to lcd.o(.data) for POINT_COLOR
    main.o(i.main) refers to main.o(.data) for Pitch
    system_stm32f10x.o(i.SetSysClock) refers to system_stm32f10x.o(i.SetSysClockTo72) for SetSysClockTo72
    system_stm32f10x.o(i.SystemCoreClockUpdate) refers to system_stm32f10x.o(.data) for SystemCoreClock
    system_stm32f10x.o(i.SystemInit) refers to system_stm32f10x.o(i.SetSysClock) for SetSysClock
    gui.o(i.GUI_DrawFont16) refers to lcd.o(i.LCD_SetWindows) for LCD_SetWindows
    gui.o(i.GUI_DrawFont16) refers to lcd.o(i.LCD_WR_DATA_16Bit) for LCD_WR_DATA_16Bit
    gui.o(i.GUI_DrawFont16) refers to lcd.o(i.LCD_DrawPoint) for LCD_DrawPoint
    gui.o(i.GUI_DrawFont16) refers to gui.o(.constdata) for tfont16
    gui.o(i.GUI_DrawFont16) refers to lcd.o(.data) for POINT_COLOR
    gui.o(i.GUI_DrawFont16) refers to lcd.o(.bss) for lcddev
    gui.o(i.GUI_DrawFont24) refers to lcd.o(i.LCD_SetWindows) for LCD_SetWindows
    gui.o(i.GUI_DrawFont24) refers to lcd.o(i.LCD_WR_DATA_16Bit) for LCD_WR_DATA_16Bit
    gui.o(i.GUI_DrawFont24) refers to lcd.o(i.LCD_DrawPoint) for LCD_DrawPoint
    gui.o(i.GUI_DrawFont24) refers to gui.o(.constdata) for tfont24
    gui.o(i.GUI_DrawFont24) refers to lcd.o(.data) for POINT_COLOR
    gui.o(i.GUI_DrawFont24) refers to lcd.o(.bss) for lcddev
    gui.o(i.GUI_DrawFont32) refers to lcd.o(i.LCD_SetWindows) for LCD_SetWindows
    gui.o(i.GUI_DrawFont32) refers to lcd.o(i.LCD_WR_DATA_16Bit) for LCD_WR_DATA_16Bit
    gui.o(i.GUI_DrawFont32) refers to lcd.o(i.LCD_DrawPoint) for LCD_DrawPoint
    gui.o(i.GUI_DrawFont32) refers to gui.o(.constdata) for tfont32
    gui.o(i.GUI_DrawFont32) refers to lcd.o(.data) for POINT_COLOR
    gui.o(i.GUI_DrawFont32) refers to lcd.o(.bss) for lcddev
    gui.o(i.GUI_DrawPoint) refers to lcd.o(i.LCD_SetCursor) for LCD_SetCursor
    gui.o(i.GUI_DrawPoint) refers to lcd.o(i.LCD_WR_DATA_16Bit) for LCD_WR_DATA_16Bit
    gui.o(i.Gui_Drawbmp16) refers to lcd.o(i.LCD_SetWindows) for LCD_SetWindows
    gui.o(i.Gui_Drawbmp16) refers to lcd.o(i.LCD_WR_DATA_16Bit) for LCD_WR_DATA_16Bit
    gui.o(i.Gui_Drawbmp16) refers to lcd.o(.bss) for lcddev
    gui.o(i.Gui_StrCenter) refers to strlen.o(.text) for strlen
    gui.o(i.Gui_StrCenter) refers to gui.o(i.Show_Str) for Show_Str
    gui.o(i.Gui_StrCenter) refers to lcd.o(.bss) for lcddev
    gui.o(i.LCD_DrawFillRectangle) refers to gui.o(i.LCD_Fill) for LCD_Fill
    gui.o(i.LCD_DrawFillRectangle) refers to lcd.o(.data) for POINT_COLOR
    gui.o(i.LCD_DrawLine) refers to lcd.o(i.LCD_DrawPoint) for LCD_DrawPoint
    gui.o(i.LCD_DrawRectangle) refers to gui.o(i.LCD_DrawLine) for LCD_DrawLine
    gui.o(i.LCD_Fill) refers to lcd.o(i.LCD_SetWindows) for LCD_SetWindows
    gui.o(i.LCD_Fill) refers to lcd.o(i.LCD_WR_DATA_16Bit) for LCD_WR_DATA_16Bit
    gui.o(i.LCD_Fill) refers to lcd.o(.bss) for lcddev
    gui.o(i.LCD_ShowChar) refers to lcd.o(i.LCD_SetWindows) for LCD_SetWindows
    gui.o(i.LCD_ShowChar) refers to lcd.o(i.LCD_WR_DATA) for LCD_WR_DATA
    gui.o(i.LCD_ShowChar) refers to lcd.o(i.LCD_DrawPoint) for LCD_DrawPoint
    gui.o(i.LCD_ShowChar) refers to lcd.o(.data) for POINT_COLOR
    gui.o(i.LCD_ShowChar) refers to gui.o(.constdata) for asc2_1206
    gui.o(i.LCD_ShowChar) refers to lcd.o(.bss) for lcddev
    gui.o(i.LCD_ShowNum) refers to gui.o(i.mypow) for mypow
[...]
    Turn_Target                              0x200000e8   Data           4  pid.o(.data)
    .data                                    0x200000ec   Section       53  inv_mpu.o(.data)
    st                                       0x200000ec   Data          44  inv_mpu.o(.data)
    gyro_orientation                         0x20000118   Data           9  inv_mpu.o(.data)
    .data                                    0x20000124   Section       15  usart2.o(.data)
    RxCounter1                               0x2000012c   Data           1  usart2.o(.data)
    RxBuffer1                                0x2000012d   Data           5  usart2.o(.data)
    RxState                                  0x20000132   Data           1  usart2.o(.data)
    .data                                    0x20000134   Section        6  lcd.o(.data)
    .bss                                     0x2000013c   Section       16  inv_mpu_dmp_motion_driver.o(.bss)
    dmp                                      0x2000013c   Data          16  inv_mpu_dmp_motion_driver.o(.bss)
    .bss                                     0x2000014c   Section       14  lcd.o(.bss)
    .bss                                     0x2000015c   Section       96  libspace.o(.bss)
    HEAP                                     0x200001c0   Section      512  startup_stm32f10x_hd.o(HEAP)
    Heap_Mem                                 0x200001c0   Data         512  startup_stm32f10x_hd.o(HEAP)
    STACK                                    0x200003c0   Section     1024  startup_stm32f10x_hd.o(STACK)
    Stack_Mem                                0x200003c0   Data        1024  startup_stm32f10x_hd.o(STACK)
    __initial_sp                             0x200007c0   Data           0  startup_stm32f10x_hd.o(STACK)

    Global Symbols

    Symbol Name                              Value     Ov Type        Size  Object(Section)

    BuildAttributes$$THM_ISAv4$P$D$K$B$S$PE$A:L22UL41UL21$X:L11$S22US41US21$IEEE1$IW$USESV6$~STKCKD$USESV7$~SHL$OTIME$ROPI$IEEEX$EBA8$UX$STANDARDLIB$REQ8$PRES8$EABIv2 0x00000000   Number         0  anon$$obj.o ABSOLUTE
    __ARM_use_no_argv                        0x00000000   Number         0  main.o ABSOLUTE
    _printf_flags                            0x00000000   Number         0  printf_stubs.o ABSOLUTE
    _printf_return_value                     0x00000000   Number         0  printf_stubs.o ABSOLUTE
    _printf_sizespec                         0x00000000   Number         0  printf_stubs.o ABSOLUTE
    _printf_widthprec                        0x00000000   Number         0  printf_stubs.o ABSOLUTE
    __ARM_exceptions_init                     - Undefined Weak Reference
    __alloca_initialize                       - Undefined Weak Reference
    __arm_preinit_                            - Undefined Weak Reference
    __cpp_initialize__aeabi_                  - Undefined Weak Reference
    __cxa_finalize                            - Undefined Weak Reference
    __rt_locale                               - Undefined Weak Reference
    __sigvec_lookup                           - Undefined Weak Reference
    _atexit_init                              - Undefined Weak Reference
    _call_atexit_fns                          - Undefined Weak Reference
    _clock_init                               - Undefined Weak Reference
    _fp_trap_init                             - Undefined Weak Reference
    _fp_trap_shutdown                         - Undefined Weak Reference
    _get_lc_collate                           - Undefined Weak Reference
    _get_lc_ctype                             - Undefined Weak Reference
    _get_lc_monetary                          - Undefined Weak Reference
    _get_lc_numeric                           - Undefined Weak Reference
    _get_lc_time                              - Undefined Weak Reference
    _getenv_init                              - Undefined Weak Reference
    _handle_redirection                       - Undefined Weak Reference
    _init_alloc                               - Undefined Weak Reference
    _init_user_alloc                          - Undefined Weak Reference
    _initio                                   - Undefined Weak Reference
    _mutex_acquire                            - Undefined Weak Reference
    _mutex_release                            - Undefined Weak Reference
    _printf_truncate_signed                   - Undefined Weak Reference
    _printf_truncate_unsigned                 - Undefined Weak Reference
    _rand_init                                - Undefined Weak Reference
    _signal_finish                            - Undefined Weak Reference
    _signal_init                              - Undefined Weak Reference
    _terminate_alloc                          - Undefined Weak Reference
    _terminate_user_alloc                     - Undefined Weak Reference
    _terminateio                              - Undefined Weak Reference
    __Vectors_Size                           0x00000130   Number         0  startup_stm32f10x_hd.o ABSOLUTE
    __Vectors                                0x08000000   Data           4  startup_stm32f10x_hd.o(RESET)
    __Vectors_End                            0x08000130   Data           0  startup_stm32f10x_hd.o(RESET)
    __main                                   0x08000131   Thumb Code     8  __main.o(!!!main)
    __scatterload                            0x08000139   Thumb Code     0  __scatter.o(!!!scatter)
    __scatterload_rt2                        0x08000139   Thumb Code    44  __scatter.o(!!!scatter)
    __scatterload_rt2_thumb_only             0x08000139   Thumb Code     0  __scatter.o(!!!scatter)
    __scatterload_null                       0x08000147   Thumb Code     0  __scatter.o(!!!scatter)
    __decompress                             0x0800016d   Thumb Code    90  __dczerorl2.o(!!dczerorl2)
    __decompress1                            0x0800016d   Thumb Code     0  __dczerorl2.o(!!dczerorl2)
    __scatterload_zeroinit                   0x080001c9   Thumb Code    28  __scatter_zi.o(!!handler_zi)
    _printf_d                                0x080001e5   Thumb Code     0  _printf_d.o(.ARM.Collect$$_printf_percent$$00000009)
    _printf_percent                          0x080001e5   Thumb Code     0  _printf_percent.o(.ARM.Collect$$_printf_percent$$00000000)
    _printf_percent_end                      0x080001eb   Thumb Code     0  _printf_percent_end.o(.ARM.Collect$$_printf_percent$$00000017)
    __rt_lib_init                            0x080001ef   Thumb Code     0  libinit.o(.ARM.Collect$$libinit$$00000000)
    __rt_lib_init_alloca_1                   0x080001f1   Thumb Code     0  libinit2.o(.ARM.Collect$$libinit$$0000002E)
    __rt_lib_init_argv_1                     0x080001f1   Thumb Code     0  libinit2.o(.ARM.Collect$$libinit$$0000002C)
    __rt_lib_init_atexit_1                   0x080001f1   Thumb Code     0  libinit2.o(.ARM.Collect$$libinit$$0000001B)
    __rt_lib_init_clock_1                    0x080001f1   Thumb Code     0  libinit2.o(.ARM.Collect$$libinit$$00000021)
    __rt_lib_init_cpp_1                      0x080001f1   Thumb Code     0  libinit2.o(.ARM.Collect$$libinit$$00000032)
    __rt_lib_init_exceptions_1               0x080001f1   Thumb Code     0  libinit2.o(.ARM.Collect$$libinit$$00000030)
    __rt_lib_init_fp_1                       0x080001f1   Thumb Code     0  libinit2.o(.ARM.Collect$$libinit$$00000002)
    __rt_lib_init_fp_trap_1                  0x080001f1   Thumb Code     0  libinit2.o(.ARM.Collect$$libinit$$0000001F)
    __rt_lib_init_getenv_1                   0x080001f1   Thumb Code     0  libinit2.o(.ARM.Collect$$libinit$$00000023)
    __rt_lib_init_heap_1                     0x080001f1   Thumb Code     0  libinit2.o(.ARM.Collect$$libinit$$0000000A)
    __rt_lib_init_lc_collate_1               0x080001f1   Thumb Code     0  libinit2.o(.ARM.Collect$$libinit$$00000011)
    __rt_lib_init_lc_ctype_1                 0x080001f1   Thumb Code     0  libinit2.o(.ARM.Collect$$libinit$$00000013)
    __rt_lib_init_lc_monetary_1              0x080001f1   Thumb Code     0  libinit2.o(.ARM.Collect$$libinit$$00000015)
    __rt_lib_init_lc_numeric_1               0x080001f1   Thumb Code     0  libinit2.o(.ARM.Collect$$libinit$$00000017)
    __rt_lib_init_lc_time_1                  0x080001f1   Thumb Code     0  libinit2.o(.ARM.Collect$$libinit$$00000019)
    __rt_lib_init_preinit_1                  0x080001f1   Thumb Code     0  libinit2.o(.ARM.Collect$$libinit$$00000004)
    __rt_lib_init_rand_1                     0x080001f1   Thumb Code     0  libinit2.o(.ARM.Collect$$libinit$$0000000E)
    __rt_lib_init_return                     0x080001f1   Thumb Code     0  libinit2.o(.ARM.Collect$$libinit$$00000033)
    __rt_lib_init_signal_1                   0x080001f1   Thumb Code     0  libinit2.o(.ARM.Collect$$libinit$$0000001D)
    __rt_lib_init_stdio_1                    0x080001f1   Thumb Code     0  libinit2.o(.ARM.Collect$$libinit$$00000025)
    __rt_lib_init_user_alloc_1               0x080001f1   Thumb Code     0  libinit2.o(.ARM.Collect$$libinit$$0000000C)
    __rt_lib_shutdown                        0x080001f3   Thumb Code     0  libshutdown.o(.ARM.Collect$$libshutdown$$00000000)
    __rt_lib_shutdown_cpp_1                  0x080001f5   Thumb Code     0  libshutdown2.o(.ARM.Collect$$libshutdown$$00000002)
    __rt_lib_shutdown_fp_trap_1              0x080001f5   Thumb Code     0  libshutdown2.o(.ARM.Collect$$libshutdown$$00000007)
    __rt_lib_shutdown_heap_1                 0x080001f5   Thumb Code     0  libshutdown2.o(.ARM.Collect$$libshutdown$$0000000F)
    __rt_lib_shutdown_return                 0x080001f5   Thumb Code     0  libshutdown2.o(.ARM.Collect$$libshutdown$$00000010)
    __rt_lib_shutdown_signal_1               0x080001f5   Thumb Code     0  libshutdown2.o(.ARM.Collect$$libshutdown$$0000000A)
    __rt_lib_shutdown_stdio_1                0x080001f5   Thumb Code     0  libshutdown2.o(.ARM.Collect$$libshutdown$$00000004)
    __rt_lib_shutdown_user_alloc_1           0x080001f5   Thumb Code     0  libshutdown2.o(.ARM.Collect$$libshutdown$$0000000C)
    __rt_entry                               0x080001f7   Thumb Code     0  __rtentry.o(.ARM.Collect$$rtentry$$00000000)
    __rt_entry_presh_1                       0x080001f7   Thumb Code     0  __rtentry2.o(.ARM.Collect$$rtentry$$00000002)
    __rt_entry_sh                            0x080001f7   Thumb Code     0  __rtentry4.o(.ARM.Collect$$rtentry$$00000004)
    __rt_entry_li                            0x080001fd   Thumb Code     0  __rtentry2.o(.ARM.Collect$$rtentry$$0000000A)
    __rt_entry_postsh_1                      0x080001fd   Thumb Code     0  __rtentry2.o(.ARM.Collect$$rtentry$$00000009)
    __rt_entry_main                          0x08000201   Thumb Code     0  __rtentry2.o(.ARM.Collect$$rtentry$$0000000D)
    __rt_entry_postli_1                      0x08000201   Thumb Code     0  __rtentry2.o(.ARM.Collect$$rtentry$$0000000C)
    __rt_exit                                0x08000209   Thumb Code     0  rtexit.o(.ARM.Collect$$rtexit$$00000000)
    __rt_exit_ls                             0x0800020b   Thumb Code     0  rtexit2.o(.ARM.Collect$$rtexit$$00000003)
    __rt_exit_prels_1                        0x0800020b   Thumb Code     0  rtexit2.o(.ARM.Collect$$rtexit$$00000002)
    __rt_exit_exit                           0x0800020f   Thumb Code     0  rtexit2.o(.ARM.Collect$$rtexit$$00000004)
    Reset_Handler                            0x08000215   Thumb Code     8  startup_stm32f10x_hd.o(.text)
    ADC1_2_IRQHandler                        0x0800022f   Thumb Code     0  startup_stm32f10x_hd.o(.text)
    ADC3_IRQHandler                          0x0800022f   Thumb Code     0  startup_stm32f10x_hd.o(.text)
    CAN1_RX1_IRQHandler                      0x0800022f   Thumb Code     0  startup_stm32f10x_hd.o(.text)
    CAN1_SCE_IRQHandler                      0x0800022f   Thumb Code     0  startup_stm32f10x_hd.o(.text)
    DMA1_Channel1_IRQHandler                 0x0800022f   Thumb Code     0  startup_stm32f10x_hd.o(.text)
    DMA1_Channel2_IRQHandler                 0x0800022f   Thumb Code     0  startup_stm32f10x_hd.o(.text)
    DMA1_Channel3_IRQHandler                 0x0800022f   Thumb Code     0  startup_stm32f10x_hd.o(.text)
    DMA1_Channel4_IRQHandler                 0x0800022f   Thumb Code     0  startup_stm32f10x_hd.o(.text)
    DMA1_Channel5_IRQHandler                 0x0800022f   Thumb Code     0  startup_stm32f10x_hd.o(.text)
    DMA1_Channel6_IRQHandler                 0x0800022f   Thumb Code     0  startup_stm32f10x_hd.o(.text)
    DMA1_Channel7_IRQHandler                 0x0800022f   Thumb Code     0  startup_stm32f10x_hd.o(.text)
    DMA2_Channel1_IRQHandler                 0x0800022f   Thumb Code     0  startup_stm32f10x_hd.o(.text)
    DMA2_Channel2_IRQHandler                 0x0800022f   Thumb Code     0  startup_stm32f10x_hd.o(.text)
    DMA2_Channel3_IRQHandler                 0x0800022f   Thumb Code     0  startup_stm32f10x_hd.o(.text)
    DMA2_Channel4_5_IRQHandler               0x0800022f   Thumb Code     0  startup_stm32f10x_hd.o(.text)
    EXTI0_IRQHandler                         0x0800022f   Thumb Code     0  startup_stm32f10x_hd.o(.text)
    EXTI15_10_IRQHandler                     0x0800022f   Thumb Code     0  startup_stm32f10x_hd.o(.text)
    EXTI1_IRQHandler                         0x0800022f   Thumb Code     0  startup_stm32f10x_hd.o(.text)
    EXTI2_IRQHandler                         0x0800022f   Thumb Code     0  startup_stm32f10x_hd.o(.text)
    EXTI3_IRQHandler                         0x0800022f   Thumb Code     0  startup_stm32f10x_hd.o(.text)
    EXTI4_IRQHandler                         0x0800022f   Thumb Code     0  startup_stm32f10x_hd.o(.text)
    FLASH_IRQHandler                         0x0800022f   Thumb Code     0  startup_stm32f10x_hd.o(.text)
    FSMC_IRQHandler                          0x0800022f   Thumb Code     0  startup_stm32f10x_hd.o(.text)
    I2C1_ER_IRQHandler                       0x0800022f   Thumb Code     0  startup_stm32f10x_hd.o(.text)
    I2C1_EV_IRQHandler                       0x0800022f   Thumb Code     0  startup_stm32f10x_hd.o(.text)
    I2C2_ER_IRQHandler                       0x0800022f   Thumb Code     0  startup_stm32f10x_hd.o(.text)
    I2C2_EV_IRQHandler                       0x0800022f   Thumb Code     0  startup_stm32f10x_hd.o(.text)
    PVD_IRQHandler                           0x0800022f   Thumb Code     0  startup_stm32f10x_hd.o(.text)
    RCC_IRQHandler                           0x0800022f   Thumb Code     0  startup_stm32f10x_hd.o(.text)
    RTCAlarm_IRQHandler                      0x0800022f   Thumb Code     0  startup_stm32f10x_hd.o(.text)
    RTC_IRQHandler                           0x0800022f   Thumb Code     0  startup_stm32f10x_hd.o(.text)
    SDIO_IRQHandler                          0x0800022f   Thumb Code     0  startup_stm32f10x_hd.o(.text)
    SPI1_IRQHandler                          0x0800022f   Thumb Code     0  startup_stm32f10x_hd.o(.text)
    SPI2_IRQHandler                          0x0800022f   Thumb Code     0  startup_stm32f10x_hd.o(.text)
    SPI3_IRQHandler                          0x0800022f   Thumb Code     0  startup_stm32f10x_hd.o(.text)
    TAMPER_IRQHandler                        0x0800022f   Thumb Code     0  startup_stm32f10x_hd.o(.text)
    TIM1_BRK_IRQHandler                      0x0800022f   Thumb Code     0  startup_stm32f10x_hd.o(.text)
    TIM1_CC_IRQHandler                       0x0800022f   Thumb Code     0  startup_stm32f10x_hd.o(.text)
    TIM1_TRG_COM_IRQHandler                  0x0800022f   Thumb Code     0  startup_stm32f10x_hd.o(.text)
    TIM1_UP_IRQHandler                       0x0800022f   Thumb Code     0  startup_stm32f10x_hd.o(.text)
    TIM2_IRQHandler                          0x0800022f   Thumb Code     0  startup_stm32f10x_hd.o(.text)
    TIM5_IRQHandler                          0x0800022f   Thumb Code     0  startup_stm32f10x_hd.o(.text)
    TIM7_IRQHandler                          0x0800022f   Thumb Code     0  startup_stm32f10x_hd.o(.text)
    TIM8_BRK_IRQHandler                      0x0800022f   Thumb Code     0  startup_stm32f10x_hd.o(.text)
    TIM8_CC_IRQHandler                       0x0800022f   Thumb Code     0  startup_stm32f10x_hd.o(.text)
    TIM8_TRG_COM_IRQHandler                  0x0800022f   Thumb Code     0  startup_stm32f10x_hd.o(.text)
    TIM8_UP_IRQHandler                       0x0800022f   Thumb Code     0  startup_stm32f10x_hd.o(.text)
    UART4_IRQHandler                         0x0800022f   Thumb Code     0  startup_stm32f10x_hd.o(.text)
    UART5_IRQHandler                         0x0800022f   Thumb Code     0  startup_stm32f10x_hd.o(.text)
    USART3_IRQHandler                        0x0800022f   Thumb Code     0  startup_stm32f10x_hd.o(.text)
    USBWakeUp_IRQHandler                     0x0800022f   Thumb Code     0  startup_stm32f10x_hd.o(.text)
    USB_HP_CAN1_TX_IRQHandler                0x0800022f   Thumb Code     0  startup_stm32f10x_hd.o(.text)
    USB_LP_CAN1_RX0_IRQHandler               0x0800022f   Thumb Code     0  startup_stm32f10x_hd.o(.text)
    WWDG_IRQHandler                          0x0800022f   Thumb Code     0  startup_stm32f10x_hd.o(.text)
    __user_initial_stackheap                 0x08000231   Thumb Code     0  startup_stm32f10x_hd.o(.text)
    __use_no_semihosting                     0x08000255   Thumb Code     2  use_no_semi_2.o(.text)
    __aeabi_ldivmod                          0x08000257   Thumb Code     0  llsdiv.o(.text)
    _ll_sdiv                                 0x08000257   Thumb Code    72  llsdiv.o(.text)
    __2printf                                0x080002a1   Thumb Code    20  noretval__2printf.o(.text)
    _printf_int_dec                          0x080002b9   Thumb Code   104  _printf_dec.o(.text)
    __printf                                 0x08000331   Thumb Code   308  __printf_flags_wp.o(.text)
    memcmp                                   0x08000469   Thumb Code    88  memcmp.o(.text)
    __aeabi_memset                           0x080004c1   Thumb Code    16  aeabi_memset.o(.text)
    __use_two_region_memory                  0x080004d1   Thumb Code     2  heapauxi.o(.text)
    __rt_heap_escrow$2region                 0x080004d3   Thumb Code     2  heapauxi.o(.text)
    __rt_heap_expand$2region                 0x080004d5   Thumb Code     2  heapauxi.o(.text)
    __I$use$semihosting                      0x080004d7   Thumb Code     0  use_no_semi.o(.text)
    __use_no_semihosting_swi                 0x080004d7   Thumb Code     2  use_no_semi.o(.text)
    __aeabi_uldivmod                         0x080004d9   Thumb Code     0  lludivv7m.o(.text)
    _ll_udiv                                 0x080004d9   Thumb Code   238  lludivv7m.o(.text)
    __read_errno                             0x080005c7   Thumb Code    10  _rserrno.o(.text)
    __set_errno                              0x080005d1   Thumb Code    12  _rserrno.o(.text)
    _printf_int_common                       0x080005dd   Thumb Code   178  _printf_intcommon.o(.text)
    _printf_char_file                        0x08000691   Thumb Code    32  _printf_char_file.o(.text)
    __aeabi_memclr                           0x080006b5   Thumb Code     0  rt_memclr.o(.text)
    __rt_memclr                              0x080006b5   Thumb Code    68  rt_memclr.o(.text)
    _memset                                  0x080006b9   Thumb Code     0  rt_memclr.o(.text)
    __aeabi_errno_addr                       0x080006f9   Thumb Code     8  rt_errno_addr_intlibspace.o(.text)
    __errno$intlibspace                      0x080006f9   Thumb Code     0  rt_errno_addr_intlibspace.o(.text)
    __rt_errno_addr$intlibspace              0x080006f9   Thumb Code     0  rt_errno_addr_intlibspace.o(.text)
    _printf_char_common                      0x0800070b   Thumb Code    32  _printf_char_common.o(.text)
    ferror                                   0x08000731   Thumb Code     8  ferror.o(.text)
    __aeabi_memclr4                          0x08000739   Thumb Code     0  rt_memclr_w.o(.text)
    __aeabi_memclr8                          0x08000739   Thumb Code     0  rt_memclr_w.o(.text)
    __rt_memclr_w                            0x08000739   Thumb Code    78  rt_memclr_w.o(.text)
    _memset_w                                0x0800073d   Thumb Code     0  rt_memclr_w.o(.text)
    __user_libspace                          0x08000789   Thumb Code     8  libspace.o(.text)
    __user_perproc_libspace                  0x08000789   Thumb Code     0  libspace.o(.text)
    __user_perthread_libspace                0x08000789   Thumb Code     0  libspace.o(.text)
    __user_setup_stackheap                   0x08000791   Thumb Code    74  sys_stackheap_outer.o(.text)
    exit                                     0x080007db   Thumb Code    18  exit.o(.text)
    BusFault_Handler                         0x080007ed   Thumb Code     4  stm32f10x_it.o(i.BusFault_Handler)
    DebugMon_Handler                         0x080007f1   Thumb Code     2  stm32f10x_it.o(i.DebugMon_Handler)
    Dir_GPIO_Init                            0x080007f5   Thumb Code    52  control.o(i.Dir_GPIO_Init)
    EN_GPIO_Init                             0x08000831   Thumb Code    38  control.o(i.EN_GPIO_Init)
    EXTI9_5_IRQHandler                       0x0800085d   Thumb Code   320  pid.o(i.EXTI9_5_IRQHandler)
    EXTI_ClearITPendingBit                   0x080009f5   Thumb Code     6  stm32f10x_exti.o(i.EXTI_ClearITPendingBit)
    EXTI_GetITStatus                         0x08000a01   Thumb Code    34  stm32f10x_exti.o(i.EXTI_GetITStatus)
    EXTI_Init                                0x08000a29   Thumb Code   142  stm32f10x_exti.o(i.EXTI_Init)
    GFP_abs                                  0x08000abd   Thumb Code    16  control.o(i.GFP_abs)
    GPIO_EXTILineConfig                      0x08000acd   Thumb Code    60  stm32f10x_gpio.o(i.GPIO_EXTILineConfig)
    GPIO_Init                                0x08000b0d   Thumb Code   278  stm32f10x_gpio.o(i.GPIO_Init)
    GPIO_PinRemapConfig                      0x08000c25   Thumb Code   138  stm32f10x_gpio.o(i.GPIO_PinRemapConfig)
    GPIO_ReadInputDataBit                    0x08000cb5   Thumb Code    18  stm32f10x_gpio.o(i.GPIO_ReadInputDataBit)
    GPIO_ResetBits                           0x08000cc7   Thumb Code     4  stm32f10x_gpio.o(i.GPIO_ResetBits)
    GPIO_SetBits                             0x08000ccb   Thumb Code     4  stm32f10x_gpio.o(i.GPIO_SetBits)
    HardFault_Handler                        0x08000ccf   Thumb Code     4  stm32f10x_it.o(i.HardFault_Handler)
    KEY_Init                                 0x08000cd5   Thumb Code    52  key.o(i.KEY_Init)
    KEY_Scan                                 0x08000d11   Thumb Code   150  key.o(i.KEY_Scan)
    LCD_Clear                                0x08000db5   Thumb Code    68  lcd.o(i.LCD_Clear)
    LCD_DrawPoint                            0x08000dfd   Thumb Code    24  lcd.o(i.LCD_DrawPoint)
    LCD_Init                                 0x08000e19   Thumb Code   550  lcd.o(i.LCD_Init)
    LCD_RESET                                0x0800103f   Thumb Code    16  lcd.o(i.LCD_RESET)
    LCD_SetCursor                            0x0800104f   Thumb Code    20  lcd.o(i.LCD_SetCursor)
    LCD_SetParam                             0x08001065   Thumb Code    36  lcd.o(i.LCD_SetParam)
    LCD_SetWindows                           0x0800108d   Thumb Code    88  lcd.o(i.LCD_SetWindows)
    LCD_ShowChar                             0x080010e9   Thumb Code   280  gui.o(i.LCD_ShowChar)
    LCD_ShowNum                              0x08001211   Thumb Code   182  gui.o(i.LCD_ShowNum)
    LCD_ShowNum_Clean                        0x080012d1   Thumb Code   186  gui.o(i.LCD_ShowNum_Clean)
    LCD_WR_DATA                              0x08001395   Thumb Code    38  lcd.o(i.LCD_WR_DATA)
    LCD_WR_DATA_16Bit                        0x080013c9   Thumb Code    46  lcd.o(i.LCD_WR_DATA_16Bit)
    LCD_WR_REG                               0x08001405   Thumb Code    38  lcd.o(i.LCD_WR_REG)
    LCD_WriteRAM_Prepare                     0x08001439   Thumb Code    12  lcd.o(i.LCD_WriteRAM_Prepare)
    LCD_WriteReg                             0x08001449   Thumb Code    20  lcd.o(i.LCD_WriteReg)
    LED_Init                                 0x0800145d   Thumb Code    92  led.o(i.LED_Init)
    Limit                                    0x080014c1   Thumb Code    54  control.o(i.Limit)
    MPU6050_EXTI_Init                        0x080014fd   Thumb Code   102  exti.o(i.MPU6050_EXTI_Init)
    MPU_Get_Gyroscope                        0x08001569   Thumb Code    80  mpu6050.o(i.MPU_Get_Gyroscope)
    MPU_IIC_Ack                              0x080015b9   Thumb Code    62  mpuiic.o(i.MPU_IIC_Ack)
    MPU_IIC_Delay                            0x08001605   Thumb Code    10  mpuiic.o(i.MPU_IIC_Delay)
    MPU_IIC_Init                             0x08001611   Thumb Code    50  mpuiic.o(i.MPU_IIC_Init)
    MPU_IIC_NAck                             0x08001649   Thumb Code    62  mpuiic.o(i.MPU_IIC_NAck)
    MPU_IIC_Read_Byte                        0x08001695   Thumb Code    94  mpuiic.o(i.MPU_IIC_Read_Byte)
    MPU_IIC_Send_Byte                        0x08001701   Thumb Code    80  mpuiic.o(i.MPU_IIC_Send_Byte)
    MPU_IIC_Start                            0x0800175d   Thumb Code    60  mpuiic.o(i.MPU_IIC_Start)
    MPU_IIC_Stop                             0x080017a5   Thumb Code    58  mpuiic.o(i.MPU_IIC_Stop)
    MPU_IIC_Wait_Ack                         0x080017ed   Thumb Code    86  mpuiic.o(i.MPU_IIC_Wait_Ack)
    MPU_Init                                 0x08001851   Thumb Code   180  mpu6050.o(i.MPU_Init)
    MPU_Read_Byte                            0x08001911   Thumb Code    58  mpu6050.o(i.MPU_Read_Byte)
    MPU_Read_Len                             0x0800194b   Thumb Code   116  mpu6050.o(i.MPU_Read_Len)
    MPU_Set_Accel_Fsr                        0x080019bf   Thumb Code    16  mpu6050.o(i.MPU_Set_Accel_Fsr)
    MPU_Set_Gyro_Fsr                         0x080019cf   Thumb Code    16  mpu6050.o(i.MPU_Set_Gyro_Fsr)
    MPU_Set_LPF                              0x080019df   Thumb Code    58  mpu6050.o(i.MPU_Set_LPF)
    MPU_Set_Rate                             0x08001a19   Thumb Code    58  mpu6050.o(i.MPU_Set_Rate)
    MPU_Write_Byte                           0x08001a53   Thumb Code    68  mpu6050.o(i.MPU_Write_Byte)
    MPU_Write_Len                            0x08001a97   Thumb Code    96  mpu6050.o(i.MPU_Write_Len)
    MemManage_Handler                        0x08001af7   Thumb Code     4  stm32f10x_it.o(i.MemManage_Handler)
    NMI_Handler                              0x08001afb   Thumb Code     2  stm32f10x_it.o(i.NMI_Handler)
    NVIC_Config                              0x08001afd   Thumb Code    32  sys.o(i.NVIC_Config)
    NVIC_Init                                0x08001b1d   Thumb Code   100  misc.o(i.NVIC_Init)
    NVIC_PriorityGroupConfig                 0x08001b8d   Thumb Code    10  misc.o(i.NVIC_PriorityGroupConfig)
    PWM_Init                                 0x08001ba1   Thumb Code   132  pwm.o(i.PWM_Init)
    PendSV_Handler                           0x08001c29   Thumb Code     2  stm32f10x_it.o(i.PendSV_Handler)
    RCC_APB1PeriphClockCmd                   0x08001c2d   Thumb Code    26  stm32f10x_rcc.o(i.RCC_APB1PeriphClockCmd)
    RCC_APB2PeriphClockCmd                   0x08001c4d   Thumb Code    26  stm32f10x_rcc.o(i.RCC_APB2PeriphClockCmd)
    RCC_GetClocksFreq                        0x08001c6d   Thumb Code   192  stm32f10x_rcc.o(i.RCC_GetClocksFreq)
    SETPWM                                   0x08001d41   Thumb Code   120  control.o(i.SETPWM)
    SPI2_Init                                0x08001dc9   Thumb Code   220  lcd.o(i.SPI2_Init)
    SPI_Cmd                                  0x08001eb1   Thumb Code    24  stm32f10x_spi.o(i.SPI_Cmd)
    SPI_Init                                 0x08001ec9   Thumb Code    60  stm32f10x_spi.o(i.SPI_Init)
    SPI_WriteByte                            0x08001f05   Thumb Code    76  lcd.o(i.SPI_WriteByte)
    SVC_Handler                              0x08001f55   Thumb Code     2  stm32f10x_it.o(i.SVC_Handler)
    Stp_GPIO_Init                            0x08002041   Thumb Code    54  control.o(i.Stp_GPIO_Init)
    SysTick_CLKSourceConfig                  0x0800207d   Thumb Code    40  misc.o(i.SysTick_CLKSourceConfig)
    SysTick_Handler                          0x080020a5   Thumb Code     2  stm32f10x_it.o(i.SysTick_Handler)
    SystemInit                               0x080020a9   Thumb Code    78  system_stm32f10x.o(i.SystemInit)
    TIM3_IRQHandler                          0x08002109   Thumb Code   106  timer.o(i.TIM3_IRQHandler)
    TIM3_Int_Init                            0x08002191   Thumb Code    96  timer.o(i.TIM3_Int_Init)
    TIM4_IRQHandler                          0x080021f5   Thumb Code   106  timer.o(i.TIM4_IRQHandler)
    TIM4_Int_Init                            0x0800227d   Thumb Code    96  timer.o(i.TIM4_Int_Init)
    TIM6_IRQHandler                          0x080022e1   Thumb Code    20  timer.o(i.TIM6_IRQHandler)
    TIM_ARRPreloadConfig                     0x080022f9   Thumb Code    24  stm32f10x_tim.o(i.TIM_ARRPreloadConfig)
    TIM_ClearITPendingBit                    0x08002311   Thumb Code     6  stm32f10x_tim.o(i.TIM_ClearITPendingBit)
    TIM_Cmd                                  0x08002317   Thumb Code    24  stm32f10x_tim.o(i.TIM_Cmd)
    TIM_GetITStatus                          0x0800232f   Thumb Code    34  stm32f10x_tim.o(i.TIM_GetITStatus)
    TIM_ITConfig                             0x08002351   Thumb Code    18  stm32f10x_tim.o(i.TIM_ITConfig)
    TIM_OC1Init                              0x08002365   Thumb Code   132  stm32f10x_tim.o(i.TIM_OC1Init)
    TIM_OC1PreloadConfig                     0x080023fd   Thumb Code    18  stm32f10x_tim.o(i.TIM_OC1PreloadConfig)
    TIM_SetCompare1                          0x0800240f   Thumb Code     4  stm32f10x_tim.o(i.TIM_SetCompare1)
    TIM_TimeBaseInit                         0x08002415   Thumb Code   122  stm32f10x_tim.o(i.TIM_TimeBaseInit)
    Turn                                     0x080024b9   Thumb Code   106  pid.o(i.Turn)
    USART1_IRQHandler                        0x0800253d   Thumb Code   104  usart.o(i.USART1_IRQHandler)
    USART2_IRQHandler                        0x080025b5   Thumb Code   160  usart2.o(i.USART2_IRQHandler)
    USART_ClearITPendingBit                  0x0800266d   Thumb Code    30  stm32f10x_usart.o(i.USART_ClearITPendingBit)
    USART_Cmd                                0x0800268b   Thumb Code    24  stm32f10x_usart.o(i.USART_Cmd)
    USART_GetITStatus                        0x080026a3   Thumb Code    84  stm32f10x_usart.o(i.USART_GetITStatus)
    USART_ITConfig                           0x080026f7   Thumb Code    74  stm32f10x_usart.o(i.USART_ITConfig)
    USART_Init                               0x08002741   Thumb Code   210  stm32f10x_usart.o(i.USART_Init)
    USART_ReceiveData                        0x08002819   Thumb Code    10  stm32f10x_usart.o(i.USART_ReceiveData)
    UsageFault_Handler                       0x08002823   Thumb Code     4  stm32f10x_it.o(i.UsageFault_Handler)
    Usart_init                               0x08002829   Thumb Code   152  usart.o(i.Usart_init)
    Velocity_PI                              0x080028c9   Thumb Code   268  pid.o(i.Velocity_PI)
    Vertical_PD                              0x08002a15   Thumb Code    64  pid.o(i.Vertical_PD)
    __ARM_fpclassify                         0x08002a61   Thumb Code    40  fpclassify.o(i.__ARM_fpclassify)
    __kernel_poly                            0x08002a89   Thumb Code   170  poly.o(i.__kernel_poly)
    __mathlib_dbl_infnan                     0x08002b33   Thumb Code     6  dunder.o(i.__mathlib_dbl_infnan)
    __mathlib_dbl_infnan2                    0x08002b39   Thumb Code     4  dunder.o(i.__mathlib_dbl_infnan2)
    __mathlib_dbl_invalid                    0x08002b3d   Thumb Code    12  dunder.o(i.__mathlib_dbl_invalid)
    __mathlib_dbl_underflow                  0x08002b49   Thumb Code    10  dunder.o(i.__mathlib_dbl_underflow)
    _is_digit                                0x08002b59   Thumb Code    14  __printf_wp.o(i._is_digit)
    _sys_exit                                0x08002b67   Thumb Code     4  usart.o(i._sys_exit)
    asin                                     0x08002c15   Thumb Code   572  asin.o(i.asin)
    atan                                     0x08002e85   Thumb Code   474  atan.o(i.atan)
    atan2                                    0x080030a5   Thumb Code   346  atan2.o(i.atan2)
    delay_init                               0x08003289   Thumb Code    50  delay.o(i.delay_init)
    delay_ms                                 0x080032cd   Thumb Code    72  delay.o(i.delay_ms)
    delay_us                                 0x08003319   Thumb Code    72  delay.o(i.delay_us)
    dmp_enable_6x_lp_quat                    0x08003365   Thumb Code    60  inv_mpu_dmp_motion_driver.o(i.dmp_enable_6x_lp_quat)
    dmp_enable_feature                       0x080033a1   Thumb Code   530  inv_mpu_dmp_motion_driver.o(i.dmp_enable_feature)
    dmp_enable_gyro_cal                      0x080035bd   Thumb Code    62  inv_mpu_dmp_motion_driver.o(i.dmp_enable_gyro_cal)
    dmp_enable_lp_quat                       0x08003615   Thumb Code    60  inv_mpu_dmp_motion_driver.o(i.dmp_enable_lp_quat)
    dmp_load_motion_driver_firmware          0x08003651   Thumb Code    20  inv_mpu_dmp_motion_driver.o(i.dmp_load_motion_driver_firmware)
    dmp_read_fifo                            0x08003669   Thumb Code   456  inv_mpu_dmp_motion_driver.o(i.dmp_read_fifo)
    dmp_set_accel_bias                       0x08003835   Thumb Code   300  inv_mpu_dmp_motion_driver.o(i.dmp_set_accel_bias)
    dmp_set_fifo_rate                        0x08003965   Thumb Code    96  inv_mpu_dmp_motion_driver.o(i.dmp_set_fifo_rate)
    dmp_set_gyro_bias                        0x080039d5   Thumb Code   294  inv_mpu_dmp_motion_driver.o(i.dmp_set_gyro_bias)
    dmp_set_orientation                      0x08003b05   Thumb Code   290  inv_mpu_dmp_motion_driver.o(i.dmp_set_orientation)
    dmp_set_shake_reject_thresh              0x08003c3d   Thumb Code    56  inv_mpu_dmp_motion_driver.o(i.dmp_set_shake_reject_thresh)
    dmp_set_shake_reject_time                0x08003c75   Thumb Code    38  inv_mpu_dmp_motion_driver.o(i.dmp_set_shake_reject_time)
    dmp_set_shake_reject_timeout             0x08003c9b   Thumb Code    38  inv_mpu_dmp_motion_driver.o(i.dmp_set_shake_reject_timeout)
    dmp_set_tap_axes                         0x08003cc1   Thumb Code    70  inv_mpu_dmp_motion_driver.o(i.dmp_set_tap_axes)
    dmp_set_tap_count                        0x08003d07   Thumb Code    38  inv_mpu_dmp_motion_driver.o(i.dmp_set_tap_count)
    dmp_set_tap_thresh                       0x08003d2d   Thumb Code   396  inv_mpu_dmp_motion_driver.o(i.dmp_set_tap_thresh)
    dmp_set_tap_time                         0x08003ecd   Thumb Code    38  inv_mpu_dmp_motion_driver.o(i.dmp_set_tap_time)
    dmp_set_tap_time_multi                   0x08003ef3   Thumb Code    38  inv_mpu_dmp_motion_driver.o(i.dmp_set_tap_time_multi)
    fputc                                    0x08003f19   Thumb Code    24  usart.o(i.fputc)
    inv_orientation_matrix_to_scalar         0x08004569   Thumb Code    40  inv_mpu.o(i.inv_orientation_matrix_to_scalar)
    inv_row_2_scale                          0x08004591   Thumb Code    78  inv_mpu.o(i.inv_row_2_scale)
    main                                     0x080045e1   Thumb Code   198  main.o(i.main)
    mget_ms                                  0x080046b9   Thumb Code     2  inv_mpu.o(i.mget_ms)
    mpu_configure_fifo                       0x080046bd   Thumb Code   106  inv_mpu.o(i.mpu_configure_fifo)
    mpu_dmp_get_data                         0x0800472d   Thumb Code   544  inv_mpu.o(i.mpu_dmp_get_data)
    mpu_dmp_init                             0x08004951   Thumb Code   148  inv_mpu.o(i.mpu_dmp_init)
    mpu_get_accel_fsr                        0x080049e9   Thumb Code    72  inv_mpu.o(i.mpu_get_accel_fsr)
    mpu_get_accel_sens                       0x08004a35   Thumb Code    78  inv_mpu.o(i.mpu_get_accel_sens)
    mpu_get_fifo_config                      0x08004a89   Thumb Code    12  inv_mpu.o(i.mpu_get_fifo_config)
    mpu_get_gyro_fsr                         0x08004a99   Thumb Code    64  inv_mpu.o(i.mpu_get_gyro_fsr)
    mpu_get_gyro_sens                        0x08004add   Thumb Code    58  inv_mpu.o(i.mpu_get_gyro_sens)
    mpu_get_lpf                              0x08004b2d   Thumb Code    74  inv_mpu.o(i.mpu_get_lpf)
    mpu_get_sample_rate                      0x08004b7d   Thumb Code    26  inv_mpu.o(i.mpu_get_sample_rate)
    mpu_init                                 0x08004b9d   Thumb Code   416  inv_mpu.o(i.mpu_init)
    mpu_load_firmware                        0x08004d8d   Thumb Code   180  inv_mpu.o(i.mpu_load_firmware)
    mpu_lp_accel_mode                        0x08004e45   Thumb Code   218  inv_mpu.o(i.mpu_lp_accel_mode)
    mpu_read_fifo_stream                     0x08004f25   Thumb Code   186  inv_mpu.o(i.mpu_read_fifo_stream)
    mpu_read_mem                             0x08004fe5   Thumb Code   122  inv_mpu.o(i.mpu_read_mem)
    mpu_reset_fifo                           0x08005065   Thumb Code   450  inv_mpu.o(i.mpu_reset_fifo)
    mpu_run_self_test                        0x0800522d   Thumb Code   278  inv_mpu.o(i.mpu_run_self_test)
    mpu_set_accel_fsr                        0x08005349   Thumb Code   126  inv_mpu.o(i.mpu_set_accel_fsr)
    mpu_set_bypass                           0x080053cd   Thumb Code   328  inv_mpu.o(i.mpu_set_bypass)
    mpu_set_dmp_state                        0x08005519   Thumb Code   138  inv_mpu.o(i.mpu_set_dmp_state)
    mpu_set_gyro_fsr                         0x080055a9   Thumb Code   132  inv_mpu.o(i.mpu_set_gyro_fsr)
    mpu_set_int_latched                      0x08005631   Thumb Code   102  inv_mpu.o(i.mpu_set_int_latched)
    mpu_set_lpf                              0x0800569d   Thumb Code   126  inv_mpu.o(i.mpu_set_lpf)
    mpu_set_sample_rate                      0x08005721   Thumb Code   152  inv_mpu.o(i.mpu_set_sample_rate)
    mpu_set_sensors                          0x080057bd   Thumb Code   202  inv_mpu.o(i.mpu_set_sensors)
    mpu_write_mem                            0x0800588d   Thumb Code   122  inv_mpu.o(i.mpu_write_mem)
    mypow                                    0x0800590d   Thumb Code    22  gui.o(i.mypow)
    run_self_test                            0x08005923   Thumb Code   148  inv_mpu.o(i.run_self_test)
    sqrt                                     0x08005a49   Thumb Code    76  sqrt.o(i.sqrt)
    __aeabi_d2f                              0x08005a95   Thumb Code     0  d2f.o(x$fpl$d2f)
    _d2f                                     0x08005a95   Thumb Code    98  d2f.o(x$fpl$d2f)
    __aeabi_dadd                             0x08005af9   Thumb Code     0  daddsub_clz.o(x$fpl$dadd)
    _dadd                                    0x08005af9   Thumb Code   332  daddsub_clz.o(x$fpl$dadd)
    __fpl_dcheck_NaN1                        0x08005c49   Thumb Code    10  dcheck1.o(x$fpl$dcheck1)
    __aeabi_ddiv                             0x08005c59   Thumb Code     0  ddiv.o(x$fpl$ddiv)
    _ddiv                                    0x08005c59   Thumb Code   552  ddiv.o(x$fpl$ddiv)
    __aeabi_d2iz                             0x08005f09   Thumb Code     0  dfix.o(x$fpl$dfix)
    _dfix                                    0x08005f09   Thumb Code    94  dfix.o(x$fpl$dfix)
    __aeabi_i2d                              0x08005f67   Thumb Code     0  dflt_clz.o(x$fpl$dflt)
    _dflt                                    0x08005f67   Thumb Code    46  dflt_clz.o(x$fpl$dflt)
    __aeabi_dmul                             0x08005f95   Thumb Code     0  dmul.o(x$fpl$dmul)
    _dmul                                    0x08005f95   Thumb Code   332  dmul.o(x$fpl$dmul)
    __fpl_dnaninf                            0x080060e9   Thumb Code   156  dnaninf.o(x$fpl$dnaninf)
    __fpl_dretinf                            0x08006185   Thumb Code    12  dretinf.o(x$fpl$dretinf)
    __aeabi_drsub                            0x08006191   Thumb Code     0  daddsub_clz.o(x$fpl$drsb)
    _drsb                                    0x08006191   Thumb Code    22  daddsub_clz.o(x$fpl$drsb)
    _dsqrt                                   0x080061a9   Thumb Code   456  dsqrt_noumaal.o(x$fpl$dsqrt)
    __aeabi_dsub                             0x08006375   Thumb Code     0  daddsub_clz.o(x$fpl$dsub)
    _dsub                                    0x08006375   Thumb Code   464  daddsub_clz.o(x$fpl$dsub)
    __aeabi_f2d                              0x08006549   Thumb Code     0  f2d.o(x$fpl$f2d)
    _f2d                                     0x08006549   Thumb Code    86  f2d.o(x$fpl$f2d)
    __aeabi_fadd                             0x080065a1   Thumb Code     0  faddsub_clz.o(x$fpl$fadd)
    _fadd                                    0x080065a1   Thumb Code   196  faddsub_clz.o(x$fpl$fadd)
    __fpl_fcmp_Inf                           0x08006665   Thumb Code    24  fcmpi.o(x$fpl$fcmpinf)
    __aeabi_fdiv                             0x0800667d   Thumb Code     0  fdiv.o(x$fpl$fdiv)
    _fdiv                                    0x0800667d   Thumb Code   384  fdiv.o(x$fpl$fdiv)
    __aeabi_cfcmpeq                          0x08006801   Thumb Code     0  feqf.o(x$fpl$feqf)
    _fcmpeq                                  0x08006801   Thumb Code   104  feqf.o(x$fpl$feqf)
    __aeabi_f2iz                             0x08006869   Thumb Code     0  ffix.o(x$fpl$ffix)
    _ffix                                    0x08006869   Thumb Code    54  ffix.o(x$fpl$ffix)
    __aeabi_f2uiz                            0x080068a1   Thumb Code     0  ffixu.o(x$fpl$ffixu)
    _ffixu                                   0x080068a1   Thumb Code    62  ffixu.o(x$fpl$ffixu)
    __aeabi_i2f                              0x080068e1   Thumb Code     0  fflt_clz.o(x$fpl$fflt)
    _fflt                                    0x080068e1   Thumb Code    48  fflt_clz.o(x$fpl$fflt)
    __aeabi_ui2f                             0x08006911   Thumb Code     0  fflt_clz.o(x$fpl$ffltu)
    _ffltu                                   0x08006911   Thumb Code    38  fflt_clz.o(x$fpl$ffltu)
    __aeabi_cfcmple                          0x08006939   Thumb Code     0  fleqf.o(x$fpl$fleqf)
    _fcmple                                  0x08006939   Thumb Code   104  fleqf.o(x$fpl$fleqf)
    __fpl_fcmple_InfNaN                      0x0800698b   Thumb Code     0  fleqf.o(x$fpl$fleqf)
    __aeabi_fmul                             0x080069a1   Thumb Code     0  fmul.o(x$fpl$fmul)
    _fmul                                    0x080069a1   Thumb Code   258  fmul.o(x$fpl$fmul)
    __fpl_fnaninf                            0x08006aa3   Thumb Code   140  fnaninf.o(x$fpl$fnaninf)
    __fpl_fretinf                            0x08006b2f   Thumb Code    10  fretinf.o(x$fpl$fretinf)
    __aeabi_cfrcmple                         0x08006b39   Thumb Code     0  frleqf.o(x$fpl$frleqf)
    _frcmple                                 0x08006b39   Thumb Code    98  frleqf.o(x$fpl$frleqf)
    __aeabi_frsub                            0x08006b9b   Thumb Code     0  faddsub_clz.o(x$fpl$frsb)
    _frsb                                    0x08006b9b   Thumb Code    20  faddsub_clz.o(x$fpl$frsb)
    __aeabi_fsub                             0x08006bb1   Thumb Code     0  faddsub_clz.o(x$fpl$fsub)
    _fsub                                    0x08006bb1   Thumb Code   234  faddsub_clz.o(x$fpl$fsub)
    __fpl_return_NaN                         0x08006c9b   Thumb Code   100  retnan.o(x$fpl$retnan)
    __ARM_scalbn                             0x08006cff   Thumb Code    92  scalbn.o(x$fpl$scalbn)
    __fpl_cmpreturn                          0x08006d5b   Thumb Code    48  trapv.o(x$fpl$trapveneer)
    __I$use$fp                               0x08006d8a   Number         0  usenofp.o(x$fpl$usenofp)
    asc2_1206                                0x08006d8a   Data        1140  gui.o(.constdata)
    asc2_1608                                0x080071fe   Data        1520  gui.o(.constdata)
    asc2_2412                                0x080077ee   Data         576  gui.o(.constdata)
    tfont16                                  0x08007a2e   Data         306  gui.o(.constdata)
    tfont24                                  0x08007b60   Data         814  gui.o(.constdata)
    tfont32                                  0x08007e8e   Data         130  gui.o(.constdata)
    reg                                      0x08007f10   Data          27  inv_mpu.o(.constdata)
    hw                                       0x08007f2c   Data          12  inv_mpu.o(.constdata)
    test                                     0x08007f38   Data          40  inv_mpu.o(.constdata)
    __mathlib_zero                           0x08008c50   Data           8  qnan.o(.constdata)
    Region$$Table$$Base                      0x08008ca8   Number         0  anon$$obj.o(Region$$Table)
    Region$$Table$$Limit                     0x08008cc8   Number         0  anon$$obj.o(Region$$Table)
    Target_Speed                             0x20000000   Data           4  main.o(.data)
    gyrox                                    0x20000004   Data           2  main.o(.data)
    gyroy                                    0x20000006   Data           2  main.o(.data)
    gyroz                                    0x20000008   Data           2  main.o(.data)
    Pitch                                    0x2000000c   Data           4  main.o(.data)
    Roll                                     0x20000010   Data           4  main.o(.data)
    Yaw                                      0x20000014   Data           4  main.o(.data)
    Encoder_Left                             0x20000018   Data           4  main.o(.data)
    Encoder_Right                            0x2000001c   Data           4  main.o(.data)
    SystemCoreClock                          0x20000020   Data           4  system_stm32f10x.o(.data)
    AHBPrescTable                            0x20000024   Data          16  system_stm32f10x.o(.data)
    __stdout                                 0x20000050   Data           4  usart.o(.data)
    USART_RX_STA                             0x20000054   Data           2  usart.o(.data)
    Pluse_High_Left                          0x20000060   Data           2  timer.o(.data)
    TimeCount_Left                           0x20000064   Data           4  timer.o(.data)
    EN_LEFT                                  0x20000068   Data           1  timer.o(.data)
    Pluse_High_Right                         0x2000006a   Data           2  timer.o(.data)
    TimeCount_Right                          0x2000006c   Data           4  timer.o(.data)
    EN_RIGHT                                 0x20000070   Data           1  timer.o(.data)
    Pluse_Period_Left                        0x20000072   Data           2  control.o(.data)
    Pluse_Period_Right                       0x20000074   Data           2  control.o(.data)
    Med_Angle                                0x20000078   Data           4  pid.o(.data)
    Vertical_Kp                              0x2000007c   Data           4  pid.o(.data)
    Vertical_Kd                              0x20000080   Data           4  pid.o(.data)
    Velocity_Kp                              0x20000084   Data           4  pid.o(.data)
    Velocity_Ki                              0x20000088   Data           4  pid.o(.data)
    location_Kp                              0x2000008c   Data           4  pid.o(.data)
    location_Ki                              0x20000090   Data           4  pid.o(.data)
    Turn_Kp                                  0x20000094   Data           4  pid.o(.data)
    Turn_Kd                                  0x20000098   Data           4  pid.o(.data)
    Vertical_out                             0x2000009c   Data           4  pid.o(.data)
    Velocity_out_Left                        0x200000a0   Data           4  pid.o(.data)
    Velocity_out_Right                       0x200000a4   Data           4  pid.o(.data)
    Turn_out                                 0x200000a8   Data           4  pid.o(.data)
    measure                                  0x200000ac   Data           4  pid.o(.data)
    motor1                                   0x200000b0   Data           4  pid.o(.data)
    motor2                                   0x200000b4   Data           4  pid.o(.data)
    MotorPosition                            0x20000124   Data           4  usart2.o(.data)
    jiaodu                                   0x20000128   Data           4  usart2.o(.data)
    POINT_COLOR                              0x20000134   Data           2  lcd.o(.data)
    BACK_COLOR                               0x20000136   Data           2  lcd.o(.data)
    DeviceCode                               0x20000138   Data           2  lcd.o(.data)
    lcddev                                   0x2000014c   Data          14  lcd.o(.bss)
    __libspace_start                         0x2000015c   Data          96  libspace.o(.bss)
    __temporary_stack_top$libspace           0x200001bc   Data           0  libspace.o(.bss)



==============================================================================

Memory Map of the image

  Image Entry point : 0x08000131

  Load Region LR_IROM1 (Base: 0x08000000, Size: 0x00008e04, Max: 0x00040000, ABSOLUTE, COMPRESSED[0x00008d20])

    Execution Region ER_IROM1 (Exec base: 0x08000000, Load base: 0x08000000, Size: 0x00008cc8, Max: 0x00040000, ABSOLUTE)

    Exec Addr    Load Addr    Size         Type   Attr      Idx    E Section Name        Object

    0x08000000   0x08000000   0x00000130   Data   RO          440    RESET               startup_stm32f10x_hd.o
    0x08000130   0x08000130   0x00000008   Code   RO         4549  * !!!main             c_w.l(__main.o)
    0x08000138   0x08000138   0x00000034   Code   RO         4880    !!!scatter          c_w.l(__scatter.o)
    0x0800016c   0x0800016c   0x0000005a   Code   RO         4878    !!dczerorl2         c_w.l(__dczerorl2.o)
    0x080001c6   0x080001c6   0x00000002   PAD
    0x080001c8   0x080001c8   0x0000001c   Code   RO         4882    !!handler_zi        c_w.l(__scatter_zi.o)
    0x080001e4   0x080001e4   0x00000000   Code   RO         4540    .ARM.Collect$$_printf_percent$$00000000  c_w.l(_printf_percent.o)
    0x080001e4   0x080001e4   0x00000006   Code   RO         4539    .ARM.Collect$$_printf_percent$$00000009  c_w.l(_printf_d.o)
    0x080001ea   0x080001ea   0x00000004   Code   RO         4638    .ARM.Collect$$_printf_percent$$00000017  c_w.l(_printf_percent_end.o)
    0x080001ee   0x080001ee   0x00000002   Code   RO         4745    .ARM.Collect$$libinit$$00000000  c_w.l(libinit.o)
    0x080001f0   0x080001f0   0x00000000   Code   RO         4757    .ARM.Collect$$libinit$$00000002  c_w.l(libinit2.o)
    0x080001f0   0x080001f0   0x00000000   Code   RO         4759    .ARM.Collect$$libinit$$00000004  c_w.l(libinit2.o)
    0x080001f0   0x080001f0   0x00000000   Code   RO         4762    .ARM.Collect$$libinit$$0000000A  c_w.l(libinit2.o)
    0x080001f0   0x080001f0   0x00000000   Code   RO         4764    .ARM.Collect$$libinit$$0000000C  c_w.l(libinit2.o)
    0x080001f0   0x080001f0   0x00000000   Code   RO         4766    .ARM.Collect$$libinit$$0000000E  c_w.l(libinit2.o)
    0x080001f0   0x080001f0   0x00000000   Code   RO         4769    .ARM.Collect$$libinit$$00000011  c_w.l(libinit2.o)
    0x080001f0   0x080001f0   0x00000000   Code   RO         4771    .ARM.Collect$$libinit$$00000013  c_w.l(libinit2.o)
    0x080001f0   0x080001f0   0x00000000   Code   RO         4773    .ARM.Collect$$libinit$$00000015  c_w.l(libinit2.o)
    0x080001f0   0x080001f0   0x00000000   Code   RO         4775    .ARM.Collect$$libinit$$00000017  c_w.l(libinit2.o)
    0x080001f0   0x080001f0   0x00000000   Code   RO         4777    .ARM.Collect$$libinit$$00000019  c_w.l(libinit2.o)
    0x080001f0   0x080001f0   0x00000000   Code   RO         4779    .ARM.Collect$$libinit$$0000001B  c_w.l(libinit2.o)
    0x080001f0   0x080001f0   0x00000000   Code   RO         4781    .ARM.Collect$$libinit$$0000001D  c_w.l(libinit2.o)
    0x080001f0   0x080001f0   0x00000000   Code   RO         4783    .ARM.Collect$$libinit$$0000001F  c_w.l(libinit2.o)
    0x080001f0   0x080001f0   0x00000000   Code   RO         4785    .ARM.Collect$$libinit$$00000021  c_w.l(libinit2.o)
    0x080001f0   0x080001f0   0x00000000   Code   RO         4787    .ARM.Collect$$libinit$$00000023  c_w.l(libinit2.o)
    0x080001f0   0x080001f0   0x00000000   Code   RO         4789    .ARM.Collect$$libinit$$00000025  c_w.l(libinit2.o)
    0x080001f0   0x080001f0   0x00000000   Code   RO         4793    .ARM.Collect$$libinit$$0000002C  c_w.l(libinit2.o)
    0x080001f0   0x080001f0   0x00000000   Code   RO         4795    .ARM.Collect$$libinit$$0000002E  c_w.l(libinit2.o)
    0x080001f0   0x080001f0   0x00000000   Code   RO         4797    .ARM.Collect$$libinit$$00000030  c_w.l(libinit2.o)
    0x080001f0   0x080001f0   0x00000000   Code   RO         4799    .ARM.Collect$$libinit$$00000032  c_w.l(libinit2.o)
    0x080001f0   0x080001f0   0x00000002   Code   RO         4800    .ARM.Collect$$libinit$$00000033  c_w.l(libinit2.o)
    0x080001f2   0x080001f2   0x00000002   Code   RO         4830    .ARM.Collect$$libshutdown$$00000000  c_w.l(libshutdown.o)
    0x080001f4   0x080001f4   0x00000000   Code   RO         4844    .ARM.Collect$$libshutdown$$00000002  c_w.l(libshutdown2.o)
    0x080001f4   0x080001f4   0x00000000   Code   RO         4846    .ARM.Collect$$libshutdown$$00000004  c_w.l(libshutdown2.o)
    0x080001f4   0x080001f4   0x00000000   Code   RO         4849    .ARM.Collect$$libshutdown$$00000007  c_w.l(libshutdown2.o)
    0x080001f4   0x080001f4   0x00000000   Code   RO         4852    .ARM.Collect$$libshutdown$$0000000A  c_w.l(libshutdown2.o)
    0x080001f4   0x080001f4   0x00000000   Code   RO         4854    .ARM.Collect$$libshutdown$$0000000C  c_w.l(libshutdown2.o)
    0x080001f4   0x080001f4   0x00000000   Code   RO         4857    .ARM.Collect$$libshutdown$$0000000F  c_w.l(libshutdown2.o)
    0x080001f4   0x080001f4   0x00000002   Code   RO         4858    .ARM.Collect$$libshutdown$$00000010  c_w.l(libshutdown2.o)
    0x080001f6   0x080001f6   0x00000000   Code   RO         4629    .ARM.Collect$$rtentry$$00000000  c_w.l(__rtentry.o)
    0x080001f6   0x080001f6   0x00000000   Code   RO         4692    .ARM.Collect$$rtentry$$00000002  c_w.l(__rtentry2.o)
    0x080001f6   0x080001f6   0x00000006   Code   RO         4704    .ARM.Collect$$rtentry$$00000004  c_w.l(__rtentry4.o)
    0x080001fc   0x080001fc   0x00000000   Code   RO         4694    .ARM.Collect$$rtentry$$00000009  c_w.l(__rtentry2.o)
    0x080001fc   0x080001fc   0x00000004   Code   RO         4695    .ARM.Collect$$rtentry$$0000000A  c_w.l(__rtentry2.o)
    0x08000200   0x08000200   0x00000000   Code   RO         4697    .ARM.Collect$$rtentry$$0000000C  c_w.l(__rtentry2.o)
    0x08000200   0x08000200   0x00000008   Code   RO         4698    .ARM.Collect$$rtentry$$0000000D  c_w.l(__rtentry2.o)
    0x08000208   0x08000208   0x00000002   Code   RO         4750    .ARM.Collect$$rtexit$$00000000  c_w.l(rtexit.o)
    0x0800020a   0x0800020a   0x00000000   Code   RO         4804    .ARM.Collect$$rtexit$$00000002  c_w.l(rtexit2.o)
    0x0800020a   0x0800020a   0x00000004   Code   RO         4805    .ARM.Collect$$rtexit$$00000003  c_w.l(rtexit2.o)
    0x0800020e   0x0800020e   0x00000006   Code   RO         4806    .ARM.Collect$$rtexit$$00000004  c_w.l(rtexit2.o)
    0x08000214   0x08000214   0x00000040   Code   RO          441    .text               startup_stm32f10x_hd.o
    0x08000254   0x08000254   0x00000002   Code   RO         4483    .text               c_w.l(use_no_semi_2.o)
    0x08000256   0x08000256   0x00000048   Code   RO         4485    .text               c_w.l(llsdiv.o)
    0x0800029e   0x0800029e   0x00000002   PAD
    0x080002a0   0x080002a0   0x00000018   Code   RO         4489    .text               c_w.l(noretval__2printf.o)
    0x080002b8   0x080002b8   0x00000078   Code   RO         4495    .text               c_w.l(_printf_dec.o)
    0x08000330   0x08000330   0x00000138   Code   RO         4530    .text               c_w.l(__printf_flags_wp.o)
    0x08000468   0x08000468   0x00000058   Code   RO         4541    .text               c_w.l(memcmp.o)
    0x080004c0   0x080004c0   0x00000010   Code   RO         4545    .text               c_w.l(aeabi_memset.o)
    0x080004d0   0x080004d0   0x00000006   Code   RO         4547    .text               c_w.l(heapauxi.o)
    0x080004d6   0x080004d6   0x00000002   Code   RO         4627    .text               c_w.l(use_no_semi.o)
    0x080004d8   0x080004d8   0x000000ee   Code   RO         4630    .text               c_w.l(lludivv7m.o)
    0x080005c6   0x080005c6   0x00000016   Code   RO         4632    .text               c_w.l(_rserrno.o)
    0x080005dc   0x080005dc   0x000000b2   Code   RO         4634    .text               c_w.l(_printf_intcommon.o)
    0x0800068e   0x0800068e   0x00000002   PAD
    0x08000690   0x08000690   0x00000024   Code   RO         4636    .text               c_w.l(_printf_char_file.o)
    0x080006b4   0x080006b4   0x00000044   Code   RO         4639    .text               c_w.l(rt_memclr.o)
    0x080006f8   0x080006f8   0x00000008   Code   RO         4713    .text               c_w.l(rt_errno_addr_intlibspace.o)
    0x08000700   0x08000700   0x00000030   Code   RO         4715    .text               c_w.l(_printf_char_common.o)
    0x08000730   0x08000730   0x00000008   Code   RO         4717    .text               c_w.l(ferror.o)
    0x08000738   0x08000738   0x0000004e   Code   RO         4721    .text               c_w.l(rt_memclr_w.o)
    0x08000786   0x08000786   0x00000002   PAD
    0x08000788   0x08000788   0x00000008   Code   RO         4729    .text               c_w.l(libspace.o)
    0x08000790   0x08000790   0x0000004a   Code   RO         4732    .text               c_w.l(sys_stackheap_outer.o)
    0x080007da   0x080007da   0x00000012   Code   RO         4738    .text               c_w.l(exit.o)
    0x080007ec   0x080007ec   0x00000004   Code   RO          174    i.BusFault_Handler  stm32f10x_it.o
    0x080007f0   0x080007f0   0x00000002   Code   RO          175    i.DebugMon_Handler  stm32f10x_it.o
    0x080007f2   0x080007f2   0x00000002   PAD
    0x080007f4   0x080007f4   0x0000003c   Code   RO         3583    i.Dir_GPIO_Init     control.o
    0x08000830   0x08000830   0x0000002c   Code   RO         3584    i.EN_GPIO_Init      control.o
    0x0800085c   0x0800085c   0x00000198   Code   RO         3628    i.EXTI9_5_IRQHandler  pid.o
    0x080009f4   0x080009f4   0x0000000c   Code   RO         1243    i.EXTI_ClearITPendingBit  stm32f10x_exti.o
    0x08000a00   0x08000a00   0x00000028   Code   RO         1247    i.EXTI_GetITStatus  stm32f10x_exti.o
    0x08000a28   0x08000a28   0x00000094   Code   RO         1248    i.EXTI_Init         stm32f10x_exti.o
    0x08000abc   0x08000abc   0x00000010   Code   RO         3585    i.GFP_abs           control.o
    0x08000acc   0x08000acc   0x00000040   Code   RO         1593    i.GPIO_EXTILineConfig  stm32f10x_gpio.o
    0x08000b0c   0x08000b0c   0x00000116   Code   RO         1596    i.GPIO_Init         stm32f10x_gpio.o
    0x08000c22   0x08000c22   0x00000002   PAD
    0x08000c24   0x08000c24   0x00000090   Code   RO         1598    i.GPIO_PinRemapConfig  stm32f10x_gpio.o
    0x08000cb4   0x08000cb4   0x00000012   Code   RO         1600    i.GPIO_ReadInputDataBit  stm32f10x_gpio.o
    0x08000cc6   0x08000cc6   0x00000004   Code   RO         1603    i.GPIO_ResetBits    stm32f10x_gpio.o
    0x08000cca   0x08000cca   0x00000004   Code   RO         1604    i.GPIO_SetBits      stm32f10x_gpio.o
    0x08000cce   0x08000cce   0x00000004   Code   RO          176    i.HardFault_Handler  stm32f10x_it.o
    0x08000cd2   0x08000cd2   0x00000002   PAD
    0x08000cd4   0x08000cd4   0x0000003c   Code   RO         3438    i.KEY_Init          key.o
    0x08000d10   0x08000d10   0x000000a4   Code   RO         3439    i.KEY_Scan          key.o
    0x08000db4   0x08000db4   0x00000048   Code   RO         4366    i.LCD_Clear         lcd.o
    0x08000dfc   0x08000dfc   0x0000001c   Code   RO         4367    i.LCD_DrawPoint     lcd.o
    0x08000e18   0x08000e18   0x00000226   Code   RO         4369    i.LCD_Init          lcd.o
    0x0800103e   0x0800103e   0x00000010   Code   RO         4370    i.LCD_RESET         lcd.o
    0x0800104e   0x0800104e   0x00000014   Code   RO         4371    i.LCD_SetCursor     lcd.o
    0x08001062   0x08001062   0x00000002   PAD
    0x08001064   0x08001064   0x00000028   Code   RO         4372    i.LCD_SetParam      lcd.o
    0x0800108c   0x0800108c   0x0000005c   Code   RO         4373    i.LCD_SetWindows    lcd.o
    0x080010e8   0x080010e8   0x00000128   Code   RO          307    i.LCD_ShowChar      gui.o
    0x08001210   0x08001210   0x000000c0   Code   RO          308    i.LCD_ShowNum       gui.o
    0x080012d0   0x080012d0   0x000000c4   Code   RO          310    i.LCD_ShowNum_Clean  gui.o
    0x08001394   0x08001394   0x00000034   Code   RO         4374    i.LCD_WR_DATA       lcd.o
    0x080013c8   0x080013c8   0x0000003c   Code   RO         4375    i.LCD_WR_DATA_16Bit  lcd.o
    0x08001404   0x08001404   0x00000034   Code   RO         4376    i.LCD_WR_REG        lcd.o
    0x08001438   0x08001438   0x00000010   Code   RO         4377    i.LCD_WriteRAM_Prepare  lcd.o
    0x08001448   0x08001448   0x00000014   Code   RO         4378    i.LCD_WriteReg      lcd.o
    0x0800145c   0x0800145c   0x00000064   Code   RO         3457    i.LED_Init          led.o
    0x080014c0   0x080014c0   0x0000003c   Code   RO         3586    i.Limit             control.o
    0x080014fc   0x080014fc   0x0000006c   Code   RO         4321    i.MPU6050_EXTI_Init  exti.o
    0x08001568   0x08001568   0x00000050   Code   RO         3669    i.MPU_Get_Gyroscope  mpu6050.o
    0x080015b8   0x080015b8   0x0000004c   Code   RO         3746    i.MPU_IIC_Ack       mpuiic.o
    0x08001604   0x08001604   0x0000000a   Code   RO         3747    i.MPU_IIC_Delay     mpuiic.o
    0x0800160e   0x0800160e   0x00000002   PAD
    0x08001610   0x08001610   0x00000038   Code   RO         3748    i.MPU_IIC_Init      mpuiic.o
    0x08001648   0x08001648   0x0000004c   Code   RO         3749    i.MPU_IIC_NAck      mpuiic.o
    0x08001694   0x08001694   0x0000006c   Code   RO         3750    i.MPU_IIC_Read_Byte  mpuiic.o
    0x08001700   0x08001700   0x0000005c   Code   RO         3751    i.MPU_IIC_Send_Byte  mpuiic.o
    0x0800175c   0x0800175c   0x00000048   Code   RO         3752    i.MPU_IIC_Start     mpuiic.o
    0x080017a4   0x080017a4   0x00000048   Code   RO         3753    i.MPU_IIC_Stop      mpuiic.o
    0x080017ec   0x080017ec   0x00000064   Code   RO         3754    i.MPU_IIC_Wait_Ack  mpuiic.o
    0x08001850   0x08001850   0x000000c0   Code   RO         3671    i.MPU_Init          mpu6050.o
    0x08001910   0x08001910   0x0000003a   Code   RO         3672    i.MPU_Read_Byte     mpu6050.o
    0x0800194a   0x0800194a   0x00000074   Code   RO         3673    i.MPU_Read_Len      mpu6050.o
    0x080019be   0x080019be   0x00000010   Code   RO         3674    i.MPU_Set_Accel_Fsr  mpu6050.o
    0x080019ce   0x080019ce   0x00000010   Code   RO         3675    i.MPU_Set_Gyro_Fsr  mpu6050.o
    0x080019de   0x080019de   0x0000003a   Code   RO         3676    i.MPU_Set_LPF       mpu6050.o
    0x08001a18   0x08001a18   0x0000003a   Code   RO         3677    i.MPU_Set_Rate      mpu6050.o
    0x08001a52   0x08001a52   0x00000044   Code   RO         3678    i.MPU_Write_Byte    mpu6050.o
    0x08001a96   0x08001a96   0x00000060   Code   RO         3679    i.MPU_Write_Len     mpu6050.o
    0x08001af6   0x08001af6   0x00000004   Code   RO          177    i.MemManage_Handler  stm32f10x_it.o
    0x08001afa   0x08001afa   0x00000002   Code   RO          178    i.NMI_Handler       stm32f10x_it.o
    0x08001afc   0x08001afc   0x00000020   Code   RO         3469    i.NVIC_Config       sys.o
    0x08001b1c   0x08001b1c   0x00000070   Code   RO          445    i.NVIC_Init         misc.o
    0x08001b8c   0x08001b8c   0x00000014   Code   RO          446    i.NVIC_PriorityGroupConfig  misc.o
    0x08001ba0   0x08001ba0   0x00000088   Code   RO         3481    i.PWM_Init          pwm.o
    0x08001c28   0x08001c28   0x00000002   Code   RO          179    i.PendSV_Handler    stm32f10x_it.o
    0x08001c2a   0x08001c2a   0x00000002   PAD
    0x08001c2c   0x08001c2c   0x00000020   Code   RO         2012    i.RCC_APB1PeriphClockCmd  stm32f10x_rcc.o
    0x08001c4c   0x08001c4c   0x00000020   Code   RO         2014    i.RCC_APB2PeriphClockCmd  stm32f10x_rcc.o
    0x08001c6c   0x08001c6c   0x000000d4   Code   RO         2022    i.RCC_GetClocksFreq  stm32f10x_rcc.o
    0x08001d40   0x08001d40   0x00000088   Code   RO         3587    i.SETPWM            control.o
    0x08001dc8   0x08001dc8   0x000000e8   Code   RO         4379    i.SPI2_Init         lcd.o
    0x08001eb0   0x08001eb0   0x00000018   Code   RO         2491    i.SPI_Cmd           stm32f10x_spi.o
    0x08001ec8   0x08001ec8   0x0000003c   Code   RO         2504    i.SPI_Init          stm32f10x_spi.o
    0x08001f04   0x08001f04   0x00000050   Code   RO         4381    i.SPI_WriteByte     lcd.o
    0x08001f54   0x08001f54   0x00000002   Code   RO          180    i.SVC_Handler       stm32f10x_it.o
    0x08001f56   0x08001f56   0x00000008   Code   RO          263    i.SetSysClock       system_stm32f10x.o
    0x08001f5e   0x08001f5e   0x00000002   PAD
    0x08001f60   0x08001f60   0x000000e0   Code   RO          264    i.SetSysClockTo72   system_stm32f10x.o
    0x08002040   0x08002040   0x0000003c   Code   RO         3588    i.Stp_GPIO_Init     control.o
    0x0800207c   0x0800207c   0x00000028   Code   RO          449    i.SysTick_CLKSourceConfig  misc.o
    0x080020a4   0x080020a4   0x00000002   Code   RO          181    i.SysTick_Handler   stm32f10x_it.o
    0x080020a6   0x080020a6   0x00000002   PAD
    0x080020a8   0x080020a8   0x00000060   Code   RO          266    i.SystemInit        system_stm32f10x.o
    0x08002108   0x08002108   0x00000088   Code   RO         3534    i.TIM3_IRQHandler   timer.o
    0x08002190   0x08002190   0x00000064   Code   RO         3535    i.TIM3_Int_Init     timer.o
    0x080021f4   0x080021f4   0x00000088   Code   RO         3536    i.TIM4_IRQHandler   timer.o
    0x0800227c   0x0800227c   0x00000064   Code   RO         3537    i.TIM4_Int_Init     timer.o
    0x080022e0   0x080022e0   0x00000018   Code   RO         3538    i.TIM6_IRQHandler   timer.o
    0x080022f8   0x080022f8   0x00000018   Code   RO         2634    i.TIM_ARRPreloadConfig  stm32f10x_tim.o
    0x08002310   0x08002310   0x00000006   Code   RO         2641    i.TIM_ClearITPendingBit  stm32f10x_tim.o
    0x08002316   0x08002316   0x00000018   Code   RO         2646    i.TIM_Cmd           stm32f10x_tim.o
    0x0800232e   0x0800232e   0x00000022   Code   RO         2667    i.TIM_GetITStatus   stm32f10x_tim.o
    0x08002350   0x08002350   0x00000012   Code   RO         2671    i.TIM_ITConfig      stm32f10x_tim.o
    0x08002362   0x08002362   0x00000002   PAD
    0x08002364   0x08002364   0x00000098   Code   RO         2675    i.TIM_OC1Init       stm32f10x_tim.o
    0x080023fc   0x080023fc   0x00000012   Code   RO         2678    i.TIM_OC1PreloadConfig  stm32f10x_tim.o
    0x0800240e   0x0800240e   0x00000004   Code   RO         2707    i.TIM_SetCompare1   stm32f10x_tim.o
    0x08002412   0x08002412   0x00000002   PAD
    0x08002414   0x08002414   0x000000a4   Code   RO         2717    i.TIM_TimeBaseInit  stm32f10x_tim.o
    0x080024b8   0x080024b8   0x00000084   Code   RO         3629    i.Turn              pid.o
    0x0800253c   0x0800253c   0x00000078   Code   RO         3493    i.USART1_IRQHandler  usart.o
    0x080025b4   0x080025b4   0x000000b8   Code   RO         4333    i.USART2_IRQHandler  usart2.o
    0x0800266c   0x0800266c   0x0000001e   Code   RO         3179    i.USART_ClearITPendingBit  stm32f10x_usart.o
    0x0800268a   0x0800268a   0x00000018   Code   RO         3182    i.USART_Cmd         stm32f10x_usart.o
    0x080026a2   0x080026a2   0x00000054   Code   RO         3186    i.USART_GetITStatus  stm32f10x_usart.o
    0x080026f6   0x080026f6   0x0000004a   Code   RO         3188    i.USART_ITConfig    stm32f10x_usart.o
    0x08002740   0x08002740   0x000000d8   Code   RO         3189    i.USART_Init        stm32f10x_usart.o
    0x08002818   0x08002818   0x0000000a   Code   RO         3196    i.USART_ReceiveData  stm32f10x_usart.o
    0x08002822   0x08002822   0x00000004   Code   RO          182    i.UsageFault_Handler  stm32f10x_it.o
    0x08002826   0x08002826   0x00000002   PAD
    0x08002828   0x08002828   0x000000a0   Code   RO         3494    i.Usart_init        usart.o
    0x080028c8   0x080028c8   0x0000014c   Code   RO         3630    i.Velocity_PI       pid.o
    0x08002a14   0x08002a14   0x0000004c   Code   RO         3631    i.Vertical_PD       pid.o
    0x08002a60   0x08002a60   0x00000028   Code   RO         4678    i.__ARM_fpclassify  m_ws.l(fpclassify.o)
    0x08002a88   0x08002a88   0x000000aa   Code   RO         4680    i.__kernel_poly     m_ws.l(poly.o)
    0x08002b32   0x08002b32   0x00000006   Code   RO         4665    i.__mathlib_dbl_infnan  m_ws.l(dunder.o)
    0x08002b38   0x08002b38   0x00000004   Code   RO         4666    i.__mathlib_dbl_infnan2  m_ws.l(dunder.o)
    0x08002b3c   0x08002b3c   0x0000000c   Code   RO         4667    i.__mathlib_dbl_invalid  m_ws.l(dunder.o)
    0x08002b48   0x08002b48   0x00000010   Code   RO         4670    i.__mathlib_dbl_underflow  m_ws.l(dunder.o)
    0x08002b58   0x08002b58   0x0000000e   Code   RO         4528    i._is_digit         c_w.l(__printf_wp.o)
    0x08002b66   0x08002b66   0x00000004   Code   RO         3495    i._sys_exit         usart.o
    0x08002b6a   0x08002b6a   0x00000002   PAD
    0x08002b6c   0x08002b6c   0x000000a8   Code   RO         3806    i.accel_self_test   inv_mpu.o
    0x08002c14   0x08002c14   0x00000270   Code   RO         4610    i.asin              m_ws.l(asin.o)
    0x08002e84   0x08002e84   0x00000220   Code   RO         4655    i.atan              m_ws.l(atan.o)
    0x080030a4   0x080030a4   0x00000180   Code   RO         4620    i.atan2             m_ws.l(atan2.o)
    0x08003224   0x08003224   0x00000064   Code   RO         4131    i.decode_gesture    inv_mpu_dmp_motion_driver.o
    0x08003288   0x08003288   0x00000044   Code   RO         3412    i.delay_init        delay.o
    0x080032cc   0x080032cc   0x0000004c   Code   RO         3413    i.delay_ms          delay.o
    0x08003318   0x08003318   0x0000004c   Code   RO         3414    i.delay_us          delay.o
    0x08003364   0x08003364   0x0000003c   Code   RO         4132    i.dmp_enable_6x_lp_quat  inv_mpu_dmp_motion_driver.o
    0x080033a0   0x080033a0   0x0000021c   Code   RO         4133    i.dmp_enable_feature  inv_mpu_dmp_motion_driver.o
    0x080035bc   0x080035bc   0x00000058   Code   RO         4134    i.dmp_enable_gyro_cal  inv_mpu_dmp_motion_driver.o
    0x08003614   0x08003614   0x0000003c   Code   RO         4135    i.dmp_enable_lp_quat  inv_mpu_dmp_motion_driver.o
    0x08003650   0x08003650   0x00000018   Code   RO         4140    i.dmp_load_motion_driver_firmware  inv_mpu_dmp_motion_driver.o
    0x08003668   0x08003668   0x000001cc   Code   RO         4141    i.dmp_read_fifo     inv_mpu_dmp_motion_driver.o
    0x08003834   0x08003834   0x00000130   Code   RO         4144    i.dmp_set_accel_bias  inv_mpu_dmp_motion_driver.o
    0x08003964   0x08003964   0x00000070   Code   RO         4145    i.dmp_set_fifo_rate  inv_mpu_dmp_motion_driver.o
    0x080039d4   0x080039d4   0x00000130   Code   RO         4146    i.dmp_set_gyro_bias  inv_mpu_dmp_motion_driver.o
    0x08003b04   0x08003b04   0x00000138   Code   RO         4148    i.dmp_set_orientation  inv_mpu_dmp_motion_driver.o
    0x08003c3c   0x08003c3c   0x00000038   Code   RO         4151    i.dmp_set_shake_reject_thresh  inv_mpu_dmp_motion_driver.o
    0x08003c74   0x08003c74   0x00000026   Code   RO         4152    i.dmp_set_shake_reject_time  inv_mpu_dmp_motion_driver.o
    0x08003c9a   0x08003c9a   0x00000026   Code   RO         4153    i.dmp_set_shake_reject_timeout  inv_mpu_dmp_motion_driver.o
    0x08003cc0   0x08003cc0   0x00000046   Code   RO         4154    i.dmp_set_tap_axes  inv_mpu_dmp_motion_driver.o
    0x08003d06   0x08003d06   0x00000026   Code   RO         4155    i.dmp_set_tap_count  inv_mpu_dmp_motion_driver.o
    0x08003d2c   0x08003d2c   0x000001a0   Code   RO         4156    i.dmp_set_tap_thresh  inv_mpu_dmp_motion_driver.o
    0x08003ecc   0x08003ecc   0x00000026   Code   RO         4157    i.dmp_set_tap_time  inv_mpu_dmp_motion_driver.o
    0x08003ef2   0x08003ef2   0x00000026   Code   RO         4158    i.dmp_set_tap_time_multi  inv_mpu_dmp_motion_driver.o
    0x08003f18   0x08003f18   0x0000001c   Code   RO         3496    i.fputc             usart.o
    0x08003f34   0x08003f34   0x000000b4   Code   RO         3807    i.get_accel_prod_shift  inv_mpu.o
    0x08003fe8   0x08003fe8   0x00000470   Code   RO         3808    i.get_st_biases     inv_mpu.o
    0x08004458   0x08004458   0x00000110   Code   RO         3809    i.gyro_self_test    inv_mpu.o
    0x08004568   0x08004568   0x00000028   Code   RO         3810    i.inv_orientation_matrix_to_scalar  inv_mpu.o
    0x08004590   0x08004590   0x0000004e   Code   RO         3811    i.inv_row_2_scale   inv_mpu.o
    0x080045de   0x080045de   0x00000002   PAD
    0x080045e0   0x080045e0   0x000000d8   Code   RO            1    i.main              main.o
    0x080046b8   0x080046b8   0x00000002   Code   RO         3812    i.mget_ms           inv_mpu.o
    0x080046ba   0x080046ba   0x00000002   PAD
    0x080046bc   0x080046bc   0x00000070   Code   RO         3813    i.mpu_configure_fifo  inv_mpu.o
    0x0800472c   0x0800472c   0x00000224   Code   RO         3814    i.mpu_dmp_get_data  inv_mpu.o
    0x08004950   0x08004950   0x00000098   Code   RO         3815    i.mpu_dmp_init      inv_mpu.o
    0x080049e8   0x080049e8   0x0000004c   Code   RO         3816    i.mpu_get_accel_fsr  inv_mpu.o
    0x08004a34   0x08004a34   0x00000054   Code   RO         3818    i.mpu_get_accel_sens  inv_mpu.o
    0x08004a88   0x08004a88   0x00000010   Code   RO         3823    i.mpu_get_fifo_config  inv_mpu.o
    0x08004a98   0x08004a98   0x00000044   Code   RO         3824    i.mpu_get_gyro_fsr  inv_mpu.o
    0x08004adc   0x08004adc   0x00000050   Code   RO         3826    i.mpu_get_gyro_sens  inv_mpu.o
    0x08004b2c   0x08004b2c   0x00000050   Code   RO         3828    i.mpu_get_lpf       inv_mpu.o
    0x08004b7c   0x08004b7c   0x00000020   Code   RO         3830    i.mpu_get_sample_rate  inv_mpu.o
    0x08004b9c   0x08004b9c   0x000001f0   Code   RO         3832    i.mpu_init          inv_mpu.o
    0x08004d8c   0x08004d8c   0x000000b8   Code   RO         3833    i.mpu_load_firmware  inv_mpu.o
    0x08004e44   0x08004e44   0x000000e0   Code   RO         3834    i.mpu_lp_accel_mode  inv_mpu.o
    0x08004f24   0x08004f24   0x000000c0   Code   RO         3837    i.mpu_read_fifo_stream  inv_mpu.o
    0x08004fe4   0x08004fe4   0x00000080   Code   RO         3838    i.mpu_read_mem      inv_mpu.o
    0x08005064   0x08005064   0x000001c8   Code   RO         3841    i.mpu_reset_fifo    inv_mpu.o
    0x0800522c   0x0800522c   0x0000011c   Code   RO         3842    i.mpu_run_self_test  inv_mpu.o
    0x08005348   0x08005348   0x00000084   Code   RO         3844    i.mpu_set_accel_fsr  inv_mpu.o
    0x080053cc   0x080053cc   0x0000014c   Code   RO         3845    i.mpu_set_bypass    inv_mpu.o
    0x08005518   0x08005518   0x00000090   Code   RO         3847    i.mpu_set_dmp_state  inv_mpu.o
    0x080055a8   0x080055a8   0x00000088   Code   RO         3848    i.mpu_set_gyro_fsr  inv_mpu.o
    0x08005630   0x08005630   0x0000006c   Code   RO         3849    i.mpu_set_int_latched  inv_mpu.o
    0x0800569c   0x0800569c   0x00000084   Code   RO         3851    i.mpu_set_lpf       inv_mpu.o
    0x08005720   0x08005720   0x0000009c   Code   RO         3852    i.mpu_set_sample_rate  inv_mpu.o
    0x080057bc   0x080057bc   0x000000d0   Code   RO         3853    i.mpu_set_sensors   inv_mpu.o
    0x0800588c   0x0800588c   0x00000080   Code   RO         3854    i.mpu_write_mem     inv_mpu.o
    0x0800590c   0x0800590c   0x00000016   Code   RO          315    i.mypow             gui.o
    0x08005922   0x08005922   0x00000094   Code   RO         3855    i.run_self_test     inv_mpu.o
    0x080059b6   0x080059b6   0x00000002   PAD
    0x080059b8   0x080059b8   0x00000090   Code   RO         3856    i.set_int_enable    inv_mpu.o
    0x08005a48   0x08005a48   0x0000004c   Code   RO         4684    i.sqrt              m_ws.l(sqrt.o)
    0x08005a94   0x08005a94   0x00000062   Code   RO         4551    x$fpl$d2f           fz_ws.l(d2f.o)
    0x08005af6   0x08005af6   0x00000002   PAD
    0x08005af8   0x08005af8   0x00000150   Code   RO         4553    x$fpl$dadd          fz_ws.l(daddsub_clz.o)
    0x08005c48   0x08005c48   0x00000010   Code   RO         4723    x$fpl$dcheck1       fz_ws.l(dcheck1.o)
    0x08005c58   0x08005c58   0x000002b0   Code   RO         4560    x$fpl$ddiv          fz_ws.l(ddiv.o)
    0x08005f08   0x08005f08   0x0000005e   Code   RO         4563    x$fpl$dfix          fz_ws.l(dfix.o)
    0x08005f66   0x08005f66   0x0000002e   Code   RO         4568    x$fpl$dflt          fz_ws.l(dflt_clz.o)
    0x08005f94   0x08005f94   0x00000154   Code   RO         4573    x$fpl$dmul          fz_ws.l(dmul.o)
    0x080060e8   0x080060e8   0x0000009c   Code   RO         4641    x$fpl$dnaninf       fz_ws.l(dnaninf.o)
    0x08006184   0x08006184   0x0000000c   Code   RO         4643    x$fpl$dretinf       fz_ws.l(dretinf.o)
    0x08006190   0x08006190   0x00000016   Code   RO         4554    x$fpl$drsb          fz_ws.l(daddsub_clz.o)
    0x080061a6   0x080061a6   0x00000002   PAD
    0x080061a8   0x080061a8   0x000001cc   Code   RO         4727    x$fpl$dsqrt         fz_ws.l(dsqrt_noumaal.o)
    0x08006374   0x08006374   0x000001d4   Code   RO         4555    x$fpl$dsub          fz_ws.l(daddsub_clz.o)
    0x08006548   0x08006548   0x00000056   Code   RO         4575    x$fpl$f2d           fz_ws.l(f2d.o)
    0x0800659e   0x0800659e   0x00000002   PAD
    0x080065a0   0x080065a0   0x000000c4   Code   RO         4577    x$fpl$fadd          fz_ws.l(faddsub_clz.o)
    0x08006664   0x08006664   0x00000018   Code   RO         4645    x$fpl$fcmpinf       fz_ws.l(fcmpi.o)
    0x0800667c   0x0800667c   0x00000184   Code   RO         4584    x$fpl$fdiv          fz_ws.l(fdiv.o)
    0x08006800   0x08006800   0x00000068   Code   RO         4587    x$fpl$feqf          fz_ws.l(feqf.o)
    0x08006868   0x08006868   0x00000036   Code   RO         4589    x$fpl$ffix          fz_ws.l(ffix.o)
    0x0800689e   0x0800689e   0x00000002   PAD
    0x080068a0   0x080068a0   0x0000003e   Code   RO         4593    x$fpl$ffixu         fz_ws.l(ffixu.o)
    0x080068de   0x080068de   0x00000002   PAD
    0x080068e0   0x080068e0   0x00000030   Code   RO         4598    x$fpl$fflt          fz_ws.l(fflt_clz.o)
    0x08006910   0x08006910   0x00000026   Code   RO         4597    x$fpl$ffltu         fz_ws.l(fflt_clz.o)
    0x08006936   0x08006936   0x00000002   PAD
    0x08006938   0x08006938   0x00000068   Code   RO         4603    x$fpl$fleqf         fz_ws.l(fleqf.o)
    0x080069a0   0x080069a0   0x00000102   Code   RO         4605    x$fpl$fmul          fz_ws.l(fmul.o)
    0x08006aa2   0x08006aa2   0x0000008c   Code   RO         4647    x$fpl$fnaninf       fz_ws.l(fnaninf.o)
    0x08006b2e   0x08006b2e   0x0000000a   Code   RO         4649    x$fpl$fretinf       fz_ws.l(fretinf.o)
    0x08006b38   0x08006b38   0x00000062   Code   RO         4607    x$fpl$frleqf        fz_ws.l(frleqf.o)
    0x08006b9a   0x08006b9a   0x00000014   Code   RO         4578    x$fpl$frsb          fz_ws.l(faddsub_clz.o)
    0x08006bae   0x08006bae   0x00000002   PAD
    0x08006bb0   0x08006bb0   0x000000ea   Code   RO         4579    x$fpl$fsub          fz_ws.l(faddsub_clz.o)
    0x08006c9a   0x08006c9a   0x00000064   Code   RO         4748    x$fpl$retnan        fz_ws.l(retnan.o)
    0x08006cfe   0x08006cfe   0x0000005c   Code   RO         4651    x$fpl$scalbn        fz_ws.l(scalbn.o)
    0x08006d5a   0x08006d5a   0x00000030   Code   RO         4801    x$fpl$trapveneer    fz_ws.l(trapv.o)
    0x08006d8a   0x08006d8a   0x00000000   Code   RO         4653    x$fpl$usenofp       fz_ws.l(usenofp.o)
    0x08006d8a   0x08006d8a   0x00001186   Data   RO          316    .constdata          gui.o
    0x08007f10   0x08007f10   0x00000050   Data   RO         3858    .constdata          inv_mpu.o
    0x08007f60   0x08007f60   0x00000bf6   Data   RO         4160    .constdata          inv_mpu_dmp_motion_driver.o
    0x08008b56   0x08008b56   0x00000011   Data   RO         4531    .constdata          c_w.l(__printf_flags_wp.o)
    0x08008b67   0x08008b67   0x00000001   PAD
    0x08008b68   0x08008b68   0x00000050   Data   RO         4611    .constdata          m_ws.l(asin.o)
    0x08008bb8   0x08008bb8   0x00000098   Data   RO         4656    .constdata          m_ws.l(atan.o)
    0x08008c50   0x08008c50   0x00000008   Data   RO         4682    .constdata          m_ws.l(qnan.o)
    0x08008c58   0x08008c58   0x0000004d   Data   RO         3859    .conststring        inv_mpu.o
    0x08008ca5   0x08008ca5   0x00000003   PAD
    0x08008ca8   0x08008ca8   0x00000020   Data   RO         4876    Region$$Table       anon$$obj.o


    Execution Region RW_IRAM1 (Exec base: 0x20000000, Load base: 0x08008cc8, Size: 0x000007c0, Max: 0x0000c000, ABSOLUTE, COMPRESSED[0x00000058])

    Exec Addr    Load Addr    Size         Type   Attr      Idx    E Section Name        Object

    0x20000000   COMPRESSED   0x00000020   Data   RW            2    .data               main.o
    0x20000020   COMPRESSED   0x00000014   Data   RW          267    .data               system_stm32f10x.o
    0x20000034   COMPRESSED   0x00000014   Data   RW         2042    .data               stm32f10x_rcc.o
    0x20000048   COMPRESSED   0x00000004   Data   RW         3415    .data               delay.o
    0x2000004c   COMPRESSED   0x00000001   Data   RW         3440    .data               key.o
    0x2000004d   COMPRESSED   0x00000003   PAD
    0x20000050   COMPRESSED   0x0000000d   Data   RW         3498    .data               usart.o
    0x2000005d   COMPRESSED   0x00000003   PAD
    0x20000060   COMPRESSED   0x00000011   Data   RW         3540    .data               timer.o
    0x20000071   COMPRESSED   0x00000001   PAD
    0x20000072   COMPRESSED   0x00000004   Data   RW         3589    .data               control.o
    0x20000076   COMPRESSED   0x00000002   PAD
    0x20000078   COMPRESSED   0x00000074   Data   RW         3633    .data               pid.o
    0x200000ec   COMPRESSED   0x00000035   Data   RW         3860    .data               inv_mpu.o
    0x20000121   COMPRESSED   0x00000003   PAD
    0x20000124   COMPRESSED   0x0000000f   Data   RW         4337    .data               usart2.o
    0x20000133   COMPRESSED   0x00000001   PAD
    0x20000134   COMPRESSED   0x00000006   Data   RW         4384    .data               lcd.o
    0x2000013a   COMPRESSED   0x00000002   PAD
    0x2000013c        -       0x00000010   Zero   RW         4159    .bss                inv_mpu_dmp_motion_driver.o
    0x2000014c        -       0x0000000e   Zero   RW         4383    .bss                lcd.o
    0x2000015a   COMPRESSED   0x00000002   PAD
    0x2000015c        -       0x00000060   Zero   RW         4730    .bss                c_w.l(libspace.o)
    0x200001bc   COMPRESSED   0x00000004   PAD
    0x200001c0        -       0x00000200   Zero   RW          439    HEAP                startup_stm32f10x_hd.o
    0x200003c0        -       0x00000400   Zero   RW          438    STACK               startup_stm32f10x_hd.o


==============================================================================

Image component sizes


      Code (inc. data)   RO Data    RW Data    ZI Data      Debug   Object Name

       376         42          0          4          0       3273   control.o
         0          0          0          0          0         32   core_cm3.o
       220         26          0          4          0       1583   delay.o
       108          6          0          0          0        556   exti.o
       706         36       4486          0          0       3937   gui.o
      6856        288        157         53          0      29804   inv_mpu.o
      3096        122       3062          0         16      19966   inv_mpu_dmp_motion_driver.o
       224         22          0          1          0       1074   key.o
      1330         78          0          6         14       9483   lcd.o
       100          8          0          0          0        475   led.o
       216         18          0         32          0     262670   main.o
       172         22          0          0          0       1925   misc.o
       758         12          0          0          0       6551   mpu6050.o
       662        100          0          0          0       4486   mpuiic.o
       948        190          0        116          0       3931   pid.o
       136          4          0          0          0        691   pwm.o
        64         26        304          0       1536        768   startup_stm32f10x_hd.o
       200         18          0          0          0       1972   stm32f10x_exti.o
       512         10          0          0          0       4876   stm32f10x_gpio.o
        26          0          0          0          0       3454   stm32f10x_it.o
       276         32          0         20          0       4282   stm32f10x_rcc.o
        84          0          0          0          0       2029   stm32f10x_spi.o
       444         62          0          0          0       5636   stm32f10x_tim.o
       438          6          0          0          0       5396   stm32f10x_usart.o
        32          0          0          0          0        446   sys.o
       328         28          0         20          0       1937   system_stm32f10x.o
       496         72          0         17          0       3085   timer.o
       312         28          0         13          0       3969   usart.o
       184         24          0         15          0        887   usart2.o

    ----------------------------------------------------------------------
     19334       1280       8044        316       1568     389174   Object Totals
         0          0         32          0          0          0   (incl. Generated)
        30          0          3         15          2          0   (incl. Padding)

    ----------------------------------------------------------------------

      Code (inc. data)   RO Data    RW Data    ZI Data      Debug   Library Member Name

        90          0          0          0          0          0   __dczerorl2.o
         8          0          0          0          0         68   __main.o
       312          4         17          0          0         92   __printf_flags_wp.o
        14          0          0          0          0         68   __printf_wp.o
         0          0          0          0          0          0   __rtentry.o
        12          0          0          0          0          0   __rtentry2.o
         6          0          0          0          0          0   __rtentry4.o
        52          8          0          0          0          0   __scatter.o
        28          0          0          0          0          0   __scatter_zi.o
        48          6          0          0          0         96   _printf_char_common.o
        36          4          0          0          0         80   _printf_char_file.o
         6          0          0          0          0          0   _printf_d.o
       120         16          0          0          0         92   _printf_dec.o
       178          0          0          0          0         88   _printf_intcommon.o
         0          0          0          0          0          0   _printf_percent.o
         4          0          0          0          0          0   _printf_percent_end.o
        22          0          0          0          0        100   _rserrno.o
        16          0          0          0          0         68   aeabi_memset.o
        18          0          0          0          0         80   exit.o
         8          0          0          0          0         68   ferror.o
         6          0          0          0          0        152   heapauxi.o
         2          0          0          0          0          0   libinit.o
         2          0          0          0          0          0   libinit2.o
         2          0          0          0          0          0   libshutdown.o
         2          0          0          0          0          0   libshutdown2.o
         8          4          0          0         96         68   libspace.o
        72          0          0          0          0         76   llsdiv.o
       238          0          0          0          0        100   lludivv7m.o
        88          0          0          0          0         76   memcmp.o
        24          4          0          0          0         84   noretval__2printf.o
         8          4          0          0          0         68   rt_errno_addr_intlibspace.o
        68          0          0          0          0         68   rt_memclr.o
        78          0          0          0          0         80   rt_memclr_w.o
         2          0          0          0          0          0   rtexit.o
        10          0          0          0          0          0   rtexit2.o
        74          0          0          0          0         80   sys_stackheap_outer.o
         2          0          0          0          0         68   use_no_semi.o
         2          0          0          0          0         68   use_no_semi_2.o
        98          4          0          0          0         92   d2f.o
       826         16          0          0          0        348   daddsub_clz.o
        16          4          0          0          0         68   dcheck1.o
       688        140          0          0          0        208   ddiv.o
        94          4          0          0          0         92   dfix.o
        46          0          0          0          0         68   dflt_clz.o
       340         12          0          0          0        104   dmul.o
       156          4          0          0          0         92   dnaninf.o
        12          0          0          0          0         68   dretinf.o
       460         56          0          0          0        120   dsqrt_noumaal.o
        86          4          0          0          0         84   f2d.o
       450          8          0          0          0        236   faddsub_clz.o
        24          0          0          0          0         68   fcmpi.o
       388         76          0          0          0         96   fdiv.o
       104          4          0          0          0         84   feqf.o
        54          4          0          0          0         84   ffix.o
        62          4          0          0          0         84   ffixu.o
        86          0          0          0          0        136   fflt_clz.o
       104          4          0          0          0         84   fleqf.o
       258          4          0          0          0         84   fmul.o
       140          4          0          0          0         84   fnaninf.o
        10          0          0          0          0         68   fretinf.o
        98          0          0          0          0         68   frleqf.o
       100          0          0          0          0         68   retnan.o
        92          0          0          0          0         68   scalbn.o
        48          0          0          0          0         68   trapv.o
         0          0          0          0          0          0   usenofp.o
       624         52         80          0          0        168   asin.o
       544         70        152          0          0        124   atan.o
       384         38          0          0          0        144   atan2.o
        38          6          0          0          0        272   dunder.o
        40          0          0          0          0         68   fpclassify.o
       170          0          0          0          0         96   poly.o
         0          0          8          0          0          0   qnan.o
        76          0          0          0          0         84   sqrt.o

    ----------------------------------------------------------------------
      8404        568        258          0        100       5568   Library Totals
        22          0          1          0          4          0   (incl. Padding)

    ----------------------------------------------------------------------

      Code (inc. data)   RO Data    RW Data    ZI Data      Debug   Library Name

      1666         50         17          0         96       1888   c_w.l
      4840        352          0          0          0       2724   fz_ws.l
      1876        166        240          0          0        956   m_ws.l

    ----------------------------------------------------------------------
      8404        568        258          0        100       5568   Library Totals

    ----------------------------------------------------------------------

==============================================================================


      Code (inc. data)   RO Data    RW Data    ZI Data      Debug   

     27738       1848       8302        316       1668     383298   Grand Totals
     27738       1848       8302         88       1668     383298   ELF Image Totals (compressed)
     27738       1848       8302         88          0          0   ROM Totals

==============================================================================

    Total RO  Size (Code + RO Data)                36040 (  35.20kB)
    Total RW  Size (RW Data + ZI Data)              1984 (   1.94kB)
    Total ROM Size (Code + RO Data + RW Data)      36128 (  35.28kB)

==============================================================================

